Ничего не трогай, оно работает.
Чем длиннее путь, тем нужнее Tab.
На встрече решили назначить встречу.
Локалхост никогда не подводит.
Пароль admin ещё никого не защитил.
Мы не теряем данные, мы их прячем от себя.
Кот сел на клавиатуру и запушил в main.
Логи молчат — значит, никто их не пишет.
Бумажный журнал пережил три миграции.
Бэкап был. Где-то.
Кабель питания тоже часть инфраструктуры.
Ничего не трогай, оно работает.
Стажёр удалил tmp и освободил половину диска.
Уборщица нашла кабель, который искали три отдела.
Ошибка воспроизводится только у заказчика.
Ошибка 404: обед не найден.
Кот сел на клавиатуру и запушил в main.
Регламент лежит в папке, которую никто не открывал.
Ничего не трогай, оно работает.
Права 777 — это не решение, это капитуляция.
Мониторинг молчал, потому что был выключен.
Терминал не кусается, он просто ждёт.
Сборка зелёная, настроение тоже.
Ничего не трогай, оно работает.
Мы не теряем данные, мы их прячем от себя.
Никто не читает документацию, пока не сломается прод.
Кофемашина отвечает быстрее, чем тикет-система.
Всё шло по плану, пока план не прочитали.
Всё шло по плану, пока план не прочитали.
