Ребут решает, но не объясняет.
Бумажный журнал пережил три миграции.
Уборщица нашла кабель, который искали три отдела.
Ошибка воспроизводится только у заказчика.
Уборщица нашла кабель, который искали три отдела.
Файл с именем final_final_v2 оказался не финальным.
На встрече решили назначить встречу.
Совет дня: сначала ls, потом rm.
Совет дня: сначала ls, потом rm.
Логи молчат — значит, никто их не пишет.
Терминал не кусается, он просто ждёт.
Утро началось с кофе и падения сервера.
Файл с именем final_final_v2 оказался не финальным.
Никто не читает документацию, пока не сломается прод.
Бумажный журнал пережил три миграции.
Стажёр удалил tmp и освободил половину диска.
Если сомневаешься — man.
На встрече решили назначить встречу.
Кофемашина отвечает быстрее, чем тикет-система.
Сисадмин спит, а cron работает.
Терминал не кусается, он просто ждёт.
Табуляция против пробелов: перемирие не подписано.
Локалхост никогда не подводит.
Утро началось с кофе и падения сервера.
Мы не теряем данные, мы их прячем от себя.
Ошибка 404: обед не найден.
Уборщица нашла кабель, который искали три отдела.
Ошибка 404: обед не найден.
Права 777 — это не решение, это капитуляция.
Чем длиннее путь, тем нужнее Tab.
Одна команда — сто файлов. Вот это и есть магия.
Каждый пробел в имени файла — чья-то слеза.
Ничего не трогай, оно работает.
На встрече решили назначить встречу.
