2026-09-19 12:40:58 web-02 postgres[5514]: WARN queue depth 25
2026-09-28 10:28:37 web-02 postgres[5787]: INFO connection accepted from 10.0.57.16
2026-09-01 04:56:21 db-01 systemd[6200]: WARN slow query (73ms): SELECT * FROM orders
2026-09-25 22:11:00 web-02 redis[3347]: INFO health check ok
2026-09-21 05:01:50 edge-07 systemd[6254]: INFO reloaded configuration
2026-09-09 20:25:24 db-01 worker[126]: INFO session opened for user student
2026-09-03 20:55:58 web-01 app[8641]: INFO scheduled task 62 queued
2026-09-22 08:14:11 edge-07 app[1262]: INFO listening on port 8054
2026-09-02 01:01:15 worker-05 systemd[2641]: INFO reloaded configuration
2026-09-09 02:09:13 web-01 worker[8776]: INFO connection accepted from 10.0.26.63
2026-09-09 05:28:34 worker-05 postgres[6559]: INFO health check ok
2026-09-09 00:42:54 web-01 app[6699]: INFO scheduled task 93 queued
2026-09-03 23:21:49 cache-02 cron[6922]: INFO reloaded configuration
2026-09-22 04:27:30 web-01 systemd[4240]: INFO rotating log, 33 MB written
2026-09-27 20:17:59 web-01 cron[8457]: INFO POST /api/v1/orders 201 24ms
2026-09-27 18:40:09 api-03 app[1564]: INFO session opened for user student
2026-09-22 02:22:45 api-03 redis[2546]: INFO job 66 finished in 48s
2026-09-01 22:29:42 cache-02 worker[6653]: INFO cache hit ratio 50%
2026-09-04 08:07:03 worker-05 nginx[962]: INFO reloaded configuration
2026-09-01 02:59:38 worker-05 app[7622]: INFO GET /static/app.js 304 22ms
2026-09-13 23:30:23 cache-02 redis[1581]: WARN slow query (5ms): SELECT * FROM orders
2026-09-24 02:12:35 web-01 app[4538]: INFO cache hit ratio 67%
2026-09-24 13:34:48 edge-07 postgres[4431]: INFO listening on port 8017
2026-09-16 12:01:16 api-03 systemd[3898]: INFO GET /api/v1/users 200 86ms
2026-09-01 21:55:02 db-01 cron[8081]: INFO listening on port 8032
2026-09-22 18:56:21 cache-02 app[794]: INFO GET /api/v1/users 200 21ms
2026-09-03 17:09:09 api-03 cron[760]: INFO listening on port 8092
2026-09-01 09:47:13 web-01 nginx[7533]: INFO cache hit ratio 18%
2026-09-03 13:09:17 edge-07 postgres[6650]: INFO GET /api/v1/users 200 27ms
2026-09-08 05:10:17 web-02 app[7943]: INFO GET /static/app.js 304 31ms
2026-09-18 18:26:09 worker-05 systemd[9831]: WARN clock skew 25ms detected
2026-09-25 14:06:29 worker-05 postgres[1695]: INFO POST /api/v1/orders 201 22ms
2026-09-16 07:40:21 edge-07 redis[998]: INFO rotating log, 45 MB written
2026-09-01 19:21:06 cache-02 worker[8070]: INFO reloaded configuration
2026-09-07 06:39:15 api-03 cron[6453]: WARN certificate expires in 72 days
2026-09-26 12:34:44 db-01 postgres[7628]: INFO cache hit ratio 83%
2026-09-03 22:10:47 db-01 systemd[5366]: INFO reloaded configuration
2026-09-14 07:24:14 cache-02 worker[2725]: INFO GET /api/v1/users 200 56ms
2026-09-25 03:31:03 edge-07 app[2960]: INFO connection accepted from 10.0.62.15
2026-09-07 06:49:37 worker-05 app[7668]: INFO session opened for user student
2026-09-27 10:52:09 db-01 systemd[2697]: INFO health check ok
2026-09-08 16:29:46 web-01 postgres[7021]: INFO POST /api/v1/orders 201 11ms
2026-09-21 05:09:16 cache-02 nginx[9775]: INFO POST /api/v1/orders 201 74ms
2026-09-12 02:28:03 web-01 postgres[7916]: INFO POST /api/v1/orders 201 31ms
2026-09-08 11:00:33 web-01 postgres[4474]: INFO reloaded configuration
2026-09-01 11:27:03 edge-07 app[6222]: WARN slow query (37ms): SELECT * FROM orders
2026-09-22 13:43:45 edge-07 nginx[4826]: INFO listening on port 8033
2026-09-02 02:48:56 web-02 postgres[4418]: INFO scheduled task 55 queued
2026-09-23 01:54:25 edge-07 sshd[3905]: INFO GET /static/app.js 304 27ms
2026-09-17 04:00:53 api-03 postgres[840]: INFO health check ok
2026-09-15 01:13:30 web-02 postgres[7263]: INFO job 37 finished in 20s
2026-09-02 18:52:10 worker-05 nginx[6797]: INFO POST /api/v1/orders 201 80ms
2026-09-12 14:48:22 api-03 postgres[8372]: INFO health check ok
2026-09-06 03:42:04 cache-02 cron[780]: INFO POST /api/v1/orders 201 67ms
2026-09-22 23:49:57 api-03 redis[2244]: INFO GET /api/v1/users 200 84ms
2026-09-25 11:51:09 worker-05 redis[3838]: INFO session opened for user student
2026-09-05 17:22:23 web-01 sshd[1487]: INFO rotating log, 31 MB written
2026-09-01 01:52:59 web-02 redis[4259]: INFO POST /api/v1/orders 201 7ms
2026-09-17 04:22:07 db-01 sshd[9470]: INFO connection accepted from 10.0.14.72
2026-09-08 01:34:04 worker-05 systemd[4514]: WARN worker 61 restarted
