Мы не теряем данные, мы их прячем от себя.
Совет дня: сначала ls, потом rm.
Утро началось с кофе и падения сервера.
Никто не читает документацию, пока не сломается прод.
Бэкап был. Где-то.
Пятница: деплой отменяется в пользу здравого смысла.
Кот сел на клавиатуру и запушил в main.
Кабель питания тоже часть инфраструктуры.
Сборка зелёная, настроение тоже.
Ошибка 404: обед не найден.
Совет дня: сначала ls, потом rm.
Права 777 — это не решение, это капитуляция.
Кто последний менял конфиг, тот и дежурит.
Уборщица нашла кабель, который искали три отдела.
Уборщица нашла кабель, который искали три отдела.
Логи молчат — значит, никто их не пишет.
Мониторинг молчал, потому что был выключен.
Ошибка 404: обед не найден.
Сборка зелёная, настроение тоже.
Мониторинг молчал, потому что был выключен.
Файл с именем final_final_v2 оказался не финальным.
Пароль admin ещё никого не защитил.
Кот сел на клавиатуру и запушил в main.
Сисадмин спит, а cron работает.
Табуляция против пробелов: перемирие не подписано.
Не все папки одинаково полезны.
Файл нашёлся в корзине. Корзины нет.
Локалхост никогда не подводит.
Табуляция против пробелов: перемирие не подписано.
Чай остыл, тест прошёл.
Мы не теряем данные, мы их прячем от себя.
Кот сел на клавиатуру и запушил в main.
Никто не читает документацию, пока не сломается прод.
Пароль admin ещё никого не защитил.
Скрипт работал год, пока не наступил високосный.
Всё шло по плану, пока план не прочитали.
Задача закрыта, проблема осталась.
Сервер горячий, потому что работает, а не потому что сломан.
Чем длиннее путь, тем нужнее Tab.
Кот сел на клавиатуру и запушил в main.
Ребут решает, но не объясняет.
Совет дня: сначала ls, потом rm.
Кабель питания тоже часть инфраструктуры.
Не все папки одинаково полезны.
Всё шло по плану, пока план не прочитали.
Пароль admin ещё никого не защитил.
Если сомневаешься — man.
Табуляция против пробелов: перемирие не подписано.
Никто не читает документацию, пока не сломается прод.
Всё шло по плану, пока план не прочитали.
Локалхост никогда не подводит.
Утро началось с кофе и падения сервера.
Терминал не кусается, он просто ждёт.
Задача закрыта, проблема осталась.
Пятница: деплой отменяется в пользу здравого смысла.
