Уборщица нашла кабель, который искали три отдела.
Кофемашина отвечает быстрее, чем тикет-система.
Ошибка воспроизводится только у заказчика.
Задача закрыта, проблема осталась.
Чай остыл, тест прошёл.
Права 777 — это не решение, это капитуляция.
Ошибка воспроизводится только у заказчика.
Сервер горячий, потому что работает, а не потому что сломан.
Кто последний менял конфиг, тот и дежурит.
Если сомневаешься — man.
Бумажный журнал пережил три миграции.
Терминал не кусается, он просто ждёт.
Сборка зелёная, настроение тоже.
Совет дня: сначала ls, потом rm.
Кто последний менял конфиг, тот и дежурит.
Мы не теряем данные, мы их прячем от себя.
На встрече решили назначить встречу.
На встрече решили назначить встречу.
Если сомневаешься — man.
Пятница: деплой отменяется в пользу здравого смысла.
Кабель питания тоже часть инфраструктуры.
Локалхост никогда не подводит.
