Регламент лежит в папке, которую никто не открывал.
Совет дня: сначала ls, потом rm.
Ничего не трогай, оно работает.
Совет дня: сначала ls, потом rm.
Уборщица нашла кабель, который искали три отдела.
Не все папки одинаково полезны.
Ошибка 404: обед не найден.
Права 777 — это не решение, это капитуляция.
Регламент лежит в папке, которую никто не открывал.
На встрече решили назначить встречу.
Ошибка 404: обед не найден.
Пятница: деплой отменяется в пользу здравого смысла.
Если сомневаешься — man.
Кто последний менял конфиг, тот и дежурит.
Задача закрыта, проблема осталась.
Сборка зелёная, настроение тоже.
Файл с именем final_final_v2 оказался не финальным.
Сборка зелёная, настроение тоже.
Регламент лежит в папке, которую никто не открывал.
Кофемашина отвечает быстрее, чем тикет-система.
Табуляция против пробелов: перемирие не подписано.
