Пятница: деплой отменяется в пользу здравого смысла.
Утро началось с кофе и падения сервера.
Никто не читает документацию, пока не сломается прод.
Файл с именем final_final_v2 оказался не финальным.
Пароль admin ещё никого не защитил.
Файл с именем final_final_v2 оказался не финальным.
Никто не читает документацию, пока не сломается прод.
Логи молчат — значит, никто их не пишет.
Никто не читает документацию, пока не сломается прод.
Совет дня: сначала ls, потом rm.
На встрече решили назначить встречу.
Скрипт работал год, пока не наступил високосный.
Логи молчат — значит, никто их не пишет.
Сисадмин спит, а cron работает.
Регламент лежит в папке, которую никто не открывал.
Кофемашина отвечает быстрее, чем тикет-система.
Сборка зелёная, настроение тоже.
Сборка зелёная, настроение тоже.
Пароль admin ещё никого не защитил.
Сервер горячий, потому что работает, а не потому что сломан.
Чай остыл, тест прошёл.
Регламент лежит в папке, которую никто не открывал.
На встрече решили назначить встречу.
Мониторинг молчал, потому что был выключен.
Чай остыл, тест прошёл.
Кто последний менял конфиг, тот и дежурит.
Файл нашёлся в корзине. Корзины нет.
Чай остыл, тест прошёл.
Ошибка 404: обед не найден.
Табуляция против пробелов: перемирие не подписано.
Утро началось с кофе и падения сервера.
Чай остыл, тест прошёл.
Файл с именем final_final_v2 оказался не финальным.
Сисадмин спит, а cron работает.
Пароль admin ещё никого не защитил.
Если сомневаешься — man.
Скрипт работал год, пока не наступил високосный.
Мониторинг молчал, потому что был выключен.
Пароль admin ещё никого не защитил.
Терминал не кусается, он просто ждёт.
Если сомневаешься — man.
Всё шло по плану, пока план не прочитали.
Мониторинг молчал, потому что был выключен.
Права 777 — это не решение, это капитуляция.
Бумажный журнал пережил три миграции.
Утро началось с кофе и падения сервера.
Кот сел на клавиатуру и запушил в main.
Сборка зелёная, настроение тоже.
Ошибка воспроизводится только у заказчика.
Ребут решает, но не объясняет.
Никто не читает документацию, пока не сломается прод.
Скрипт работал год, пока не наступил високосный.
Чем длиннее путь, тем нужнее Tab.
Скрипт работал год, пока не наступил високосный.
Мы не теряем данные, мы их прячем от себя.
Мониторинг молчал, потому что был выключен.
Всё шло по плану, пока план не прочитали.
На встрече решили назначить встречу.
