2026-09-06 17:42:04 worker-05 nginx[9262]: INFO job 23 finished in 49s
2026-09-06 13:43:12 db-01 sshd[3600]: INFO scheduled task 96 queued
2026-09-11 14:54:58 api-03 systemd[3576]: INFO job 8 finished in 14s
2026-09-03 19:54:03 worker-05 postgres[2499]: ERROR segfault in worker 64
2026-09-23 04:16:57 web-02 app[5689]: INFO GET /api/v1/users 200 83ms
2026-09-15 05:08:24 edge-07 postgres[6408]: INFO cache hit ratio 83%
2026-09-10 00:14:23 edge-07 sshd[1334]: INFO GET /api/v1/users 200 35ms
2026-09-12 08:41:52 db-01 nginx[7818]: INFO POST /api/v1/orders 201 93ms
2026-09-24 06:30:24 web-01 postgres[3734]: INFO GET /api/v1/users 200 10ms
2026-09-07 01:19:36 api-03 redis[5034]: INFO GET /static/app.js 304 86ms
2026-09-07 08:21:02 worker-05 systemd[3859]: WARN queue depth 58
2026-09-01 06:36:23 web-01 sshd[6311]: INFO listening on port 8026
2026-09-08 11:46:15 worker-05 app[1392]: INFO session opened for user student
2026-09-16 09:02:39 web-02 postgres[3233]: WARN slow query (42ms): SELECT * FROM orders
2026-09-22 04:10:21 db-01 nginx[7282]: INFO health check ok
2026-09-14 14:28:07 worker-05 worker[6486]: INFO reloaded configuration
2026-09-06 12:58:57 api-03 app[7858]: INFO connection accepted from 10.0.92.11
2026-09-12 01:32:41 web-02 postgres[8971]: INFO cache hit ratio 26%
2026-09-02 23:28:49 api-03 nginx[2899]: INFO reloaded configuration
2026-09-16 12:24:06 db-01 app[4846]: INFO session opened for user student
2026-09-25 19:20:20 db-01 app[3888]: INFO connection accepted from 10.0.92.21
2026-09-12 18:30:57 db-01 worker[1541]: INFO GET /api/v1/users 200 37ms
2026-09-10 16:26:47 db-01 worker[512]: WARN queue depth 64
2026-09-20 05:40:38 web-02 nginx[9499]: WARN worker 43 restarted
2026-09-02 23:01:13 web-02 cron[6331]: WARN worker 11 restarted
2026-09-08 04:25:23 web-01 sshd[6429]: INFO scheduled task 43 queued
2026-09-20 05:56:51 web-02 nginx[6263]: INFO health check ok
2026-09-08 06:51:08 edge-07 worker[5796]: INFO POST /api/v1/orders 201 56ms
2026-09-16 14:27:20 cache-02 cron[7230]: INFO scheduled task 86 queued
2026-09-17 18:55:30 web-02 worker[6238]: WARN GET /api/v1/report 429 rate limited
2026-09-15 22:56:48 cache-02 sshd[1118]: INFO connection accepted from 10.0.40.32
2026-09-13 14:48:11 api-03 redis[4476]: INFO connection accepted from 10.0.81.37
2026-09-26 09:15:50 web-01 worker[7399]: ERROR job 74 failed: timeout after 36s
2026-09-20 14:14:11 cache-02 worker[997]: INFO listening on port 8090
2026-09-25 06:45:57 web-02 worker[4929]: INFO POST /api/v1/orders 201 8ms
2026-09-15 00:17:58 edge-07 nginx[3312]: INFO connection accepted from 10.0.71.9
2026-09-09 20:07:44 edge-07 nginx[1388]: INFO cache hit ratio 63%
2026-09-13 07:10:38 web-01 cron[1255]: INFO job 79 finished in 14s
2026-09-05 07:21:19 worker-05 nginx[262]: INFO session opened for user student
2026-09-19 16:08:19 db-01 systemd[7816]: INFO GET /api/v1/users 200 33ms
2026-09-15 00:28:22 edge-07 sshd[6975]: INFO rotating log, 3 MB written
2026-09-15 17:24:25 cache-02 redis[2235]: ERROR GET /api/v1/users 500 50ms
2026-09-26 20:48:51 db-01 redis[3405]: INFO cache hit ratio 23%
2026-09-28 17:24:28 web-01 sshd[800]: INFO connection accepted from 10.0.92.70
2026-09-01 01:24:19 web-02 redis[4520]: ERROR permission denied: /var/data/13.bin
2026-09-04 07:10:49 cache-02 nginx[4269]: WARN clock skew 47ms detected
2026-09-18 20:50:05 edge-07 postgres[3766]: INFO GET /api/v1/users 200 94ms
2026-09-12 17:23:27 web-01 postgres[7260]: ERROR permission denied: /var/data/23.bin
2026-09-04 19:35:52 api-03 cron[4233]: INFO POST /api/v1/orders 201 3ms
2026-09-09 21:16:32 db-01 postgres[308]: INFO POST /api/v1/orders 201 54ms
2026-09-07 16:49:03 worker-05 cron[9348]: INFO job 14 finished in 70s
2026-09-14 01:29:37 web-01 app[2216]: INFO connection accepted from 10.0.84.84
2026-09-12 14:01:48 worker-05 postgres[109]: INFO rotating log, 63 MB written
2026-09-17 11:40:34 edge-07 sshd[9233]: INFO reloaded configuration
2026-09-22 01:38:59 edge-07 systemd[983]: INFO job 76 finished in 7s
2026-09-03 00:11:03 web-01 systemd[736]: INFO health check ok
2026-09-22 20:49:13 cache-02 worker[760]: ERROR GET /api/v1/users 500 45ms
2026-09-17 10:14:54 worker-05 cron[6685]: WARN retrying job 74 (57/3)
2026-09-08 23:49:13 api-03 app[5590]: INFO health check ok
2026-09-24 22:15:03 edge-07 worker[5060]: WARN clock skew 58ms detected
2026-09-01 11:56:39 api-03 nginx[9068]: INFO GET /api/v1/users 200 43ms
2026-09-26 09:09:16 db-01 redis[4567]: WARN queue depth 68
2026-09-22 04:20:48 edge-07 app[8189]: INFO health check ok
2026-09-11 16:09:42 api-03 worker[9473]: INFO listening on port 804
2026-09-28 05:52:30 api-03 systemd[3740]: WARN disk usage at 61%
2026-09-04 16:36:35 worker-05 nginx[1728]: INFO GET /static/app.js 304 7ms
2026-09-11 16:38:30 edge-07 systemd[1009]: INFO cache hit ratio 74%
2026-09-21 23:07:44 web-02 systemd[7640]: INFO job 96 finished in 65s
2026-09-12 08:43:17 web-01 app[9635]: WARN clock skew 5ms detected
2026-09-28 18:43:11 edge-07 systemd[7969]: INFO session opened for user student
2026-09-24 08:33:57 db-01 cron[4987]: WARN queue depth 97
2026-09-09 00:48:54 cache-02 postgres[9725]: INFO POST /api/v1/orders 201 87ms
2026-09-21 01:33:03 cache-02 app[2048]: INFO GET /api/v1/users 200 5ms
2026-09-23 14:54:01 web-01 postgres[4626]: WARN retrying job 66 (90/3)
2026-09-22 18:35:43 api-03 systemd[9628]: INFO reloaded configuration
2026-09-07 18:12:01 api-03 sshd[9019]: INFO reloaded configuration
2026-09-09 05:38:51 api-03 sshd[9457]: INFO reloaded configuration
2026-09-21 01:55:48 api-03 postgres[6706]: INFO scheduled task 49 queued
2026-09-17 11:19:14 web-02 cron[7138]: INFO session opened for user student
2026-09-17 02:15:02 cache-02 postgres[353]: INFO POST /api/v1/orders 201 78ms
2026-09-27 20:40:28 db-01 worker[4514]: ERROR GET /api/v1/users 500 86ms
2026-09-05 11:25:59 cache-02 redis[5252]: INFO listening on port 8029
2026-09-02 07:05:08 cache-02 systemd[3897]: INFO cache hit ratio 29%
2026-09-22 17:26:43 web-01 systemd[7733]: ERROR TLS handshake failed with 10.0.80.95
2026-09-27 17:57:32 edge-07 nginx[7574]: WARN worker 79 restarted
2026-09-28 03:30:19 web-01 postgres[3107]: INFO health check ok
2026-09-19 10:09:50 db-01 nginx[4647]: ERROR upstream timed out (110)
2026-09-05 08:37:00 web-02 sshd[5656]: INFO listening on port 8078
2026-09-03 14:31:50 cache-02 redis[7009]: WARN disk usage at 58%
2026-09-05 11:40:23 edge-07 app[1053]: WARN slow query (36ms): SELECT * FROM orders
2026-09-13 04:04:11 web-01 postgres[5635]: INFO cache hit ratio 16%
2026-09-07 12:22:13 worker-05 nginx[7274]: INFO health check ok
2026-09-26 05:02:33 web-01 redis[3142]: INFO GET /static/app.js 304 79ms
2026-09-16 20:48:54 worker-05 systemd[4945]: INFO rotating log, 14 MB written
2026-09-09 07:15:46 web-01 redis[499]: INFO POST /api/v1/orders 201 56ms
2026-09-04 13:46:34 web-02 postgres[5604]: INFO session opened for user student
2026-09-25 15:13:24 edge-07 postgres[7062]: WARN certificate expires in 53 days
2026-09-09 22:43:35 web-01 nginx[7190]: ERROR job 57 failed: timeout after 9s
2026-09-10 06:43:25 worker-05 redis[7808]: INFO connection accepted from 10.0.54.11
2026-09-06 23:25:17 cache-02 cron[6040]: INFO health check ok
2026-09-28 19:52:43 edge-07 cron[848]: WARN worker 23 restarted
2026-09-13 01:47:53 cache-02 app[4629]: WARN GET /api/v1/report 429 rate limited
2026-09-16 17:25:16 db-01 postgres[347]: INFO listening on port 8037
2026-09-22 06:44:26 web-01 sshd[3912]: INFO job 24 finished in 25s
2026-09-03 00:04:42 cache-02 systemd[6279]: WARN GET /api/v1/report 429 rate limited
2026-09-19 10:45:29 web-01 nginx[1253]: INFO health check ok
2026-09-04 03:07:33 edge-07 postgres[6394]: INFO GET /api/v1/users 200 2ms
2026-09-18 23:25:41 web-02 sshd[8174]: INFO session opened for user student
2026-09-14 17:46:09 web-01 postgres[6223]: INFO GET /static/app.js 304 61ms
2026-09-22 01:41:48 web-02 app[7481]: ERROR connection refused to db-01:5432
2026-09-17 10:33:59 web-01 app[1731]: ERROR connection refused to db-01:5432
2026-09-11 04:32:47 api-03 sshd[6624]: INFO cache hit ratio 82%
2026-09-07 01:31:03 web-02 nginx[4121]: INFO cache hit ratio 5%
2026-09-28 02:06:09 web-02 cron[6851]: INFO session opened for user student
2026-09-10 05:14:29 cache-02 redis[1460]: WARN retrying job 29 (53/3)
2026-09-11 01:25:43 worker-05 worker[2975]: INFO GET /api/v1/users 200 86ms
2026-09-17 23:34:28 api-03 nginx[2035]: INFO cache hit ratio 7%
2026-09-27 06:51:33 db-01 nginx[5119]: INFO POST /api/v1/orders 201 36ms
2026-09-05 08:07:25 db-01 worker[7941]: INFO session opened for user student
2026-09-23 05:11:02 web-02 sshd[9285]: INFO scheduled task 47 queued
2026-09-17 05:29:08 web-02 systemd[5486]: INFO connection accepted from 10.0.78.41
2026-09-11 12:35:21 cache-02 cron[8029]: INFO health check ok
2026-09-01 08:09:54 edge-07 worker[6733]: ERROR permission denied: /var/data/53.bin
2026-09-08 08:32:38 web-02 postgres[7656]: INFO listening on port 8084
2026-09-27 03:28:13 api-03 cron[2562]: INFO cache hit ratio 93%
2026-09-22 19:07:28 worker-05 systemd[2298]: INFO POST /api/v1/orders 201 26ms
2026-09-25 19:30:26 worker-05 cron[2173]: INFO GET /api/v1/users 200 52ms
2026-09-26 04:49:26 web-01 redis[8303]: INFO cache hit ratio 57%
2026-09-27 11:34:37 cache-02 app[6127]: ERROR TLS handshake failed with 10.0.49.41
2026-09-08 00:26:55 worker-05 postgres[6602]: INFO connection accepted from 10.0.28.59
2026-09-20 07:09:08 db-01 app[307]: INFO reloaded configuration
2026-09-14 05:10:24 worker-05 cron[5694]: WARN slow query (34ms): SELECT * FROM orders
2026-09-06 15:37:19 web-02 app[3732]: INFO listening on port 8023
2026-09-06 15:54:42 worker-05 cron[6897]: INFO reloaded configuration
2026-09-21 10:32:13 web-01 cron[2536]: WARN slow query (86ms): SELECT * FROM orders
2026-09-14 01:51:15 web-02 app[7312]: INFO scheduled task 21 queued
2026-09-17 04:14:03 db-01 cron[6516]: INFO cache hit ratio 29%
2026-09-16 16:14:58 edge-07 cron[4031]: ERROR segfault in worker 45
2026-09-26 23:51:38 db-01 worker[6363]: WARN retrying job 74 (7/3)
2026-09-11 21:38:21 worker-05 postgres[9859]: INFO job 44 finished in 71s
2026-09-09 15:11:20 worker-05 postgres[7983]: INFO reloaded configuration
2026-09-14 02:48:47 api-03 redis[4330]: INFO cache hit ratio 37%
2026-09-26 16:59:25 cache-02 nginx[411]: INFO session opened for user student
2026-09-01 20:44:08 api-03 sshd[693]: INFO listening on port 808
2026-09-01 05:54:32 db-01 redis[4988]: INFO scheduled task 41 queued
2026-09-05 19:03:36 cache-02 cron[1155]: INFO GET /api/v1/users 200 37ms
2026-09-05 18:03:24 web-01 app[5916]: INFO listening on port 807
2026-09-12 02:22:39 db-01 worker[2678]: INFO GET /api/v1/users 200 29ms
2026-09-27 21:20:51 edge-07 app[9558]: INFO health check ok
2026-09-13 05:34:44 edge-07 postgres[3857]: INFO listening on port 8097
2026-09-13 14:30:57 cache-02 app[7403]: INFO reloaded configuration
2026-09-03 14:00:58 worker-05 systemd[3779]: WARN clock skew 86ms detected
2026-09-08 10:09:28 db-01 redis[4351]: INFO job 28 finished in 61s
2026-09-16 06:40:47 worker-05 redis[5736]: INFO GET /static/app.js 304 58ms
2026-09-01 18:40:09 edge-07 sshd[642]: WARN retrying job 53 (83/3)
2026-09-13 03:03:20 api-03 postgres[6020]: INFO scheduled task 25 queued
2026-09-12 08:27:37 cache-02 cron[8014]: INFO listening on port 8015
2026-09-21 16:24:04 web-02 cron[7790]: ERROR connection refused to db-01:5432
2026-09-25 09:45:32 cache-02 worker[9419]: ERROR GET /api/v1/users 500 77ms
2026-09-15 15:52:50 web-02 redis[3415]: WARN disk usage at 13%
2026-09-25 12:41:28 api-03 app[5437]: INFO listening on port 8074
2026-09-08 13:28:07 db-01 sshd[6782]: INFO reloaded configuration
2026-09-08 00:02:17 web-01 worker[6814]: ERROR segfault in worker 45
2026-09-20 19:08:41 cache-02 app[777]: INFO session opened for user student
2026-09-26 15:06:29 worker-05 systemd[1576]: INFO POST /api/v1/orders 201 27ms
2026-09-25 19:31:09 api-03 worker[2195]: INFO reloaded configuration
2026-09-17 22:15:23 web-01 worker[1495]: INFO rotating log, 73 MB written
2026-09-11 22:06:28 cache-02 sshd[1314]: INFO health check ok
2026-09-11 23:26:26 web-01 redis[6853]: INFO scheduled task 83 queued
2026-09-01 00:21:17 edge-07 cron[5184]: INFO session opened for user student
2026-09-08 11:54:50 api-03 redis[840]: INFO health check ok
2026-09-06 17:12:03 db-01 worker[7855]: INFO job 48 finished in 53s
2026-09-14 08:25:22 api-03 systemd[939]: INFO GET /static/app.js 304 21ms
2026-09-25 01:55:31 web-01 sshd[4611]: INFO scheduled task 57 queued
2026-09-07 15:30:09 web-01 nginx[1401]: INFO GET /api/v1/users 200 65ms
2026-09-09 05:18:51 edge-07 app[3592]: INFO cache hit ratio 56%
2026-09-09 18:36:29 worker-05 sshd[8250]: INFO job 69 finished in 74s
2026-09-14 16:08:50 edge-07 sshd[9915]: WARN slow query (38ms): SELECT * FROM orders
2026-09-18 11:52:44 cache-02 redis[4982]: INFO health check ok
2026-09-11 05:23:08 api-03 cron[8166]: INFO GET /static/app.js 304 8ms
2026-09-21 11:11:22 worker-05 postgres[9111]: INFO cache hit ratio 40%
2026-09-23 15:15:53 edge-07 worker[8229]: INFO reloaded configuration
2026-09-23 15:43:31 web-02 systemd[2334]: INFO GET /api/v1/users 200 63ms
2026-09-05 17:26:40 worker-05 cron[1667]: WARN disk usage at 31%
2026-09-21 18:06:56 web-01 app[3057]: INFO POST /api/v1/orders 201 43ms
2026-09-06 14:35:32 api-03 sshd[3344]: INFO rotating log, 94 MB written
2026-09-21 08:15:58 web-01 worker[107]: WARN queue depth 19
2026-09-24 12:22:27 web-01 app[6766]: INFO connection accepted from 10.0.31.60
2026-09-03 06:09:37 db-01 cron[6297]: ERROR permission denied: /var/data/13.bin
2026-09-18 07:36:52 cache-02 redis[9034]: ERROR segfault in worker 75
2026-09-03 12:23:34 worker-05 postgres[1758]: INFO listening on port 8085
2026-09-08 21:42:32 web-02 worker[912]: INFO scheduled task 42 queued
2026-09-09 04:43:05 worker-05 sshd[4663]: INFO POST /api/v1/orders 201 55ms
2026-09-03 09:53:34 cache-02 nginx[3793]: INFO connection accepted from 10.0.8.34
2026-09-11 19:45:45 api-03 sshd[5789]: ERROR connection refused to db-01:5432
2026-09-26 02:36:22 web-02 postgres[9914]: INFO scheduled task 97 queued
2026-09-14 10:00:51 web-01 sshd[8159]: INFO job 28 finished in 25s
2026-09-25 17:32:59 web-02 redis[352]: INFO rotating log, 54 MB written
2026-09-02 06:02:58 db-01 worker[7726]: WARN queue depth 73
2026-09-08 08:23:33 worker-05 app[4400]: INFO job 49 finished in 93s
2026-09-14 22:11:23 db-01 app[7332]: INFO reloaded configuration
2026-09-28 20:41:49 web-01 sshd[7075]: INFO GET /api/v1/users 200 88ms
2026-09-03 17:24:09 cache-02 systemd[7470]: INFO connection accepted from 10.0.46.29
2026-09-09 00:21:45 worker-05 postgres[8111]: INFO job 15 finished in 40s
2026-09-05 06:16:08 web-02 systemd[8925]: WARN worker 45 restarted
2026-09-06 05:23:04 api-03 sshd[8245]: INFO session opened for user student
2026-09-16 12:41:46 cache-02 postgres[9559]: WARN worker 83 restarted
2026-09-23 18:36:44 worker-05 worker[3307]: INFO listening on port 8065
2026-09-08 15:20:47 web-02 systemd[9047]: INFO session opened for user student
2026-09-05 17:24:19 edge-07 sshd[9463]: INFO listening on port 8047
2026-09-05 02:12:54 web-01 systemd[1967]: INFO scheduled task 43 queued
2026-09-09 23:58:36 db-01 app[9394]: WARN GET /api/v1/report 429 rate limited
2026-09-27 16:49:48 db-01 nginx[9643]: INFO health check ok
2026-09-22 06:59:19 edge-07 worker[5218]: INFO rotating log, 43 MB written
2026-09-05 02:57:15 worker-05 app[1730]: INFO health check ok
2026-09-03 17:02:51 web-02 cron[1050]: INFO health check ok
2026-09-06 00:16:50 web-01 app[3872]: INFO connection accepted from 10.0.52.6
2026-09-07 13:20:57 web-02 systemd[3229]: INFO job 44 finished in 50s
2026-09-20 12:33:26 web-02 systemd[2646]: INFO cache hit ratio 27%
2026-09-20 20:52:18 cache-02 worker[6081]: WARN worker 71 restarted
2026-09-27 18:25:28 worker-05 sshd[4596]: INFO cache hit ratio 71%
2026-09-13 02:30:28 api-03 sshd[9190]: INFO reloaded configuration
2026-09-10 22:25:59 web-02 redis[4901]: INFO reloaded configuration
2026-09-24 14:14:50 web-01 redis[5659]: INFO GET /static/app.js 304 88ms
2026-09-19 06:35:19 worker-05 worker[1570]: INFO reloaded configuration
2026-09-08 01:04:50 api-03 nginx[6080]: ERROR upstream timed out (110)
2026-09-27 10:39:39 db-01 worker[3077]: INFO rotating log, 96 MB written
2026-09-26 23:00:27 web-01 sshd[8125]: INFO scheduled task 26 queued
2026-09-07 14:04:47 worker-05 worker[7868]: INFO GET /static/app.js 304 70ms
2026-09-04 01:40:51 web-01 postgres[583]: INFO job 14 finished in 69s
2026-09-07 15:18:43 edge-07 cron[3694]: INFO listening on port 8052
2026-09-10 06:57:49 db-01 worker[7762]: INFO reloaded configuration
2026-09-20 17:44:02 web-02 systemd[4950]: INFO reloaded configuration
2026-09-16 15:01:25 cache-02 postgres[2224]: INFO cache hit ratio 6%
2026-09-16 16:16:59 edge-07 app[9520]: INFO session opened for user student
2026-09-20 08:24:50 db-01 cron[5818]: INFO rotating log, 41 MB written
2026-09-07 20:05:32 edge-07 sshd[7283]: INFO health check ok
2026-09-17 04:22:11 db-01 redis[4288]: INFO GET /static/app.js 304 79ms
2026-09-28 04:15:56 edge-07 cron[7010]: INFO scheduled task 18 queued
2026-09-25 23:49:53 cache-02 systemd[7811]: INFO job 8 finished in 61s
2026-09-10 23:43:22 web-02 cron[6114]: WARN certificate expires in 82 days
2026-09-16 10:29:27 db-01 app[7027]: WARN clock skew 61ms detected
2026-09-03 22:44:23 worker-05 worker[7699]: INFO connection accepted from 10.0.47.7
2026-09-05 21:33:07 api-03 postgres[7028]: INFO scheduled task 44 queued
2026-09-14 01:34:45 worker-05 systemd[2016]: INFO job 91 finished in 77s
2026-09-10 03:22:52 api-03 nginx[3632]: INFO cache hit ratio 66%
2026-09-07 17:11:58 web-01 postgres[2584]: INFO cache hit ratio 11%
2026-09-23 11:07:15 web-02 systemd[9940]: INFO job 28 finished in 85s
2026-09-16 11:48:05 api-03 postgres[6113]: INFO scheduled task 73 queued
2026-09-18 11:22:53 web-02 worker[5554]: INFO rotating log, 97 MB written
2026-09-05 04:12:16 edge-07 nginx[5668]: INFO connection accepted from 10.0.84.62
2026-09-12 17:32:57 cache-02 postgres[6514]: WARN GET /api/v1/report 429 rate limited
2026-09-26 03:19:30 web-01 worker[1952]: INFO rotating log, 50 MB written
2026-09-04 23:57:13 db-01 postgres[8089]: INFO job 73 finished in 27s
2026-09-16 19:49:49 web-02 cron[8929]: INFO POST /api/v1/orders 201 2ms
2026-09-13 07:01:01 web-02 redis[6860]: INFO POST /api/v1/orders 201 24ms
2026-09-19 08:48:46 web-01 worker[4367]: ERROR TLS handshake failed with 10.0.94.36
2026-09-02 01:27:54 api-03 sshd[6621]: INFO job 91 finished in 4s
2026-09-15 19:46:42 worker-05 app[1960]: INFO GET /static/app.js 304 46ms
2026-09-14 01:00:51 web-02 nginx[8684]: INFO POST /api/v1/orders 201 47ms
2026-09-12 21:26:21 cache-02 postgres[3275]: INFO listening on port 8048
2026-09-27 08:39:52 api-03 cron[997]: INFO job 61 finished in 47s
2026-09-19 08:29:21 api-03 worker[9259]: INFO GET /static/app.js 304 2ms
2026-09-24 01:41:22 edge-07 redis[7275]: WARN disk usage at 45%
2026-09-13 02:02:09 cache-02 nginx[3055]: INFO listening on port 8061
2026-09-06 18:53:14 worker-05 nginx[6958]: ERROR GET /api/v1/users 500 55ms
2026-09-20 10:46:19 api-03 cron[2497]: INFO scheduled task 65 queued
2026-09-28 10:58:34 web-01 worker[5146]: INFO POST /api/v1/orders 201 11ms
2026-09-02 17:19:20 web-02 sshd[7060]: INFO health check ok
2026-09-21 20:27:57 edge-07 cron[9248]: INFO connection accepted from 10.0.17.77
2026-09-19 19:19:59 web-02 postgres[1125]: INFO scheduled task 51 queued
2026-09-01 23:40:14 cache-02 redis[9277]: INFO POST /api/v1/orders 201 53ms
2026-09-04 10:14:00 edge-07 systemd[4810]: WARN worker 87 restarted
2026-09-18 15:55:40 edge-07 cron[8576]: INFO reloaded configuration
2026-09-15 01:37:47 edge-07 redis[1110]: ERROR connection refused to db-01:5432
2026-09-05 12:39:10 web-02 postgres[6019]: INFO connection accepted from 10.0.75.83
2026-09-23 07:00:09 web-02 redis[3899]: INFO rotating log, 86 MB written
2026-09-24 20:19:23 db-01 nginx[9848]: INFO scheduled task 25 queued
2026-09-13 01:47:50 web-01 cron[2322]: INFO GET /static/app.js 304 82ms
2026-09-05 17:44:44 edge-07 sshd[8389]: ERROR disk full on /var/log
2026-09-08 12:46:25 db-01 nginx[6232]: INFO rotating log, 31 MB written
2026-09-10 17:11:02 db-01 nginx[8073]: INFO connection accepted from 10.0.26.68
2026-09-06 17:46:20 db-01 cron[4039]: INFO rotating log, 32 MB written
2026-09-27 11:29:42 web-02 app[2892]: ERROR GET /api/v1/users 500 63ms
2026-09-27 12:08:05 web-02 cron[9052]: INFO health check ok
2026-09-18 17:10:23 web-01 app[2606]: INFO rotating log, 24 MB written
2026-09-03 03:43:05 web-01 nginx[2337]: INFO GET /api/v1/users 200 17ms
2026-09-19 07:41:52 api-03 sshd[9750]: INFO reloaded configuration
2026-09-05 09:36:59 db-01 sshd[462]: INFO GET /static/app.js 304 22ms
2026-09-08 19:52:30 api-03 sshd[8062]: INFO cache hit ratio 33%
2026-09-15 03:42:36 cache-02 postgres[9735]: INFO session opened for user student
2026-09-02 17:21:00 db-01 nginx[1847]: INFO reloaded configuration
2026-09-03 15:17:33 cache-02 nginx[2533]: INFO reloaded configuration
2026-09-21 10:44:49 worker-05 app[9777]: INFO POST /api/v1/orders 201 94ms
2026-09-08 04:53:54 db-01 sshd[5661]: INFO job 54 finished in 78s
2026-09-18 08:32:55 worker-05 app[2480]: WARN clock skew 24ms detected
2026-09-17 01:21:42 edge-07 systemd[8391]: INFO rotating log, 37 MB written
2026-09-06 20:13:30 db-01 postgres[2823]: INFO GET /api/v1/users 200 55ms
2026-09-10 15:46:06 web-01 postgres[2286]: INFO cache hit ratio 19%
2026-09-23 19:51:17 web-01 sshd[7356]: INFO GET /api/v1/users 200 58ms
2026-09-08 11:27:03 db-01 cron[1165]: INFO cache hit ratio 19%
2026-09-25 07:31:34 web-02 postgres[8612]: INFO rotating log, 4 MB written
2026-09-01 02:37:22 cache-02 worker[5842]: INFO session opened for user student
2026-09-12 20:15:18 edge-07 app[1211]: WARN clock skew 46ms detected
2026-09-09 06:26:29 cache-02 redis[3402]: INFO job 90 finished in 89s
2026-09-27 21:33:14 api-03 nginx[7786]: INFO scheduled task 93 queued
2026-09-01 19:09:44 cache-02 cron[552]: INFO connection accepted from 10.0.85.94
2026-09-22 02:15:46 web-02 postgres[4761]: INFO POST /api/v1/orders 201 83ms
2026-09-13 15:03:07 db-01 cron[3726]: INFO rotating log, 10 MB written
2026-09-10 20:37:07 web-01 sshd[5353]: INFO job 19 finished in 11s
2026-09-02 17:48:54 web-01 redis[1005]: INFO job 51 finished in 2s
2026-09-21 11:44:46 web-02 postgres[2913]: INFO session opened for user student
2026-09-14 05:42:23 db-01 sshd[622]: INFO POST /api/v1/orders 201 73ms
2026-09-09 01:05:02 api-03 worker[7395]: INFO POST /api/v1/orders 201 90ms
2026-09-22 05:42:34 db-01 app[3075]: INFO connection accepted from 10.0.58.55
2026-09-15 00:35:14 edge-07 nginx[2320]: INFO session opened for user student
2026-09-26 12:44:57 worker-05 postgres[1242]: INFO job 27 finished in 83s
2026-09-01 18:00:39 web-02 cron[1755]: INFO POST /api/v1/orders 201 33ms
2026-09-11 00:02:35 db-01 postgres[958]: INFO reloaded configuration
2026-09-09 23:16:27 db-01 postgres[7143]: INFO reloaded configuration
2026-09-08 11:23:36 cache-02 systemd[2562]: INFO GET /api/v1/users 200 31ms
2026-09-27 10:56:27 db-01 cron[2245]: INFO GET /api/v1/users 200 44ms
2026-09-25 14:13:10 db-01 sshd[6757]: INFO session opened for user student
2026-09-11 04:00:48 worker-05 worker[4925]: INFO session opened for user student
2026-09-12 13:01:52 web-01 redis[2069]: INFO GET /api/v1/users 200 21ms
2026-09-08 10:04:58 web-01 worker[7509]: INFO listening on port 8057
2026-09-09 08:18:34 web-01 nginx[4958]: INFO listening on port 8082
2026-09-21 02:04:25 db-01 worker[461]: INFO scheduled task 85 queued
2026-09-07 17:34:09 cache-02 nginx[7370]: INFO rotating log, 4 MB written
2026-09-01 00:08:19 worker-05 systemd[9892]: INFO rotating log, 26 MB written
2026-09-16 09:52:30 api-03 nginx[1196]: INFO job 47 finished in 39s
2026-09-12 21:18:53 worker-05 redis[309]: INFO GET /api/v1/users 200 38ms
2026-09-23 18:56:30 worker-05 nginx[8172]: INFO cache hit ratio 88%
2026-09-26 00:24:45 db-01 cron[5966]: ERROR segfault in worker 20
2026-09-28 09:38:10 cache-02 cron[2501]: INFO GET /static/app.js 304 9ms
2026-09-08 09:09:48 edge-07 postgres[8115]: INFO connection accepted from 10.0.80.57
2026-09-12 00:52:49 worker-05 sshd[5381]: WARN clock skew 77ms detected
2026-09-01 04:21:16 cache-02 systemd[9280]: INFO GET /api/v1/users 200 83ms
2026-09-27 16:21:27 db-01 app[2222]: WARN worker 40 restarted
2026-09-17 03:16:51 api-03 app[9311]: INFO rotating log, 80 MB written
2026-09-27 00:45:35 worker-05 cron[6463]: INFO connection accepted from 10.0.29.58
2026-09-24 09:35:58 edge-07 redis[444]: INFO rotating log, 95 MB written
2026-09-27 03:35:21 db-01 nginx[8338]: INFO GET /static/app.js 304 49ms
2026-09-01 00:56:09 worker-05 app[5438]: WARN slow query (41ms): SELECT * FROM orders
2026-09-22 00:33:17 web-02 nginx[6784]: INFO scheduled task 24 queued
2026-09-19 15:27:58 cache-02 nginx[4012]: WARN GET /api/v1/report 429 rate limited
2026-09-05 20:09:00 web-02 systemd[1202]: INFO job 91 finished in 19s
2026-09-27 18:22:45 cache-02 app[5663]: INFO job 55 finished in 53s
2026-09-02 14:09:38 worker-05 redis[9404]: INFO job 81 finished in 47s
2026-09-02 08:13:10 web-01 worker[7713]: INFO scheduled task 31 queued
2026-09-05 11:11:59 api-03 systemd[2912]: INFO listening on port 8062
2026-09-15 09:31:13 web-01 postgres[3255]: INFO GET /static/app.js 304 62ms
2026-09-23 20:20:23 web-02 systemd[3898]: INFO GET /api/v1/users 200 89ms
2026-09-02 16:07:51 worker-05 postgres[265]: INFO GET /static/app.js 304 11ms
2026-09-19 21:36:55 cache-02 redis[6760]: INFO reloaded configuration
2026-09-16 17:51:32 api-03 app[4102]: INFO cache hit ratio 65%
2026-09-16 07:48:47 worker-05 postgres[6782]: INFO cache hit ratio 58%
2026-09-04 23:47:24 worker-05 worker[6006]: INFO GET /static/app.js 304 65ms
2026-09-28 17:48:25 worker-05 cron[5934]: INFO health check ok
2026-09-05 14:27:05 worker-05 redis[6973]: INFO health check ok
2026-09-11 13:09:30 db-01 worker[8598]: INFO session opened for user student
2026-09-19 21:03:53 cache-02 cron[9107]: INFO listening on port 8088
2026-09-14 04:04:04 cache-02 worker[7952]: INFO rotating log, 97 MB written
2026-09-28 08:31:10 db-01 postgres[5619]: INFO GET /static/app.js 304 11ms
2026-09-24 16:07:41 web-02 sshd[5621]: INFO GET /static/app.js 304 96ms
2026-09-06 23:40:28 api-03 nginx[3705]: INFO job 9 finished in 34s
2026-09-18 08:36:39 api-03 cron[4954]: INFO listening on port 8040
2026-09-27 18:00:31 web-01 systemd[8366]: WARN certificate expires in 17 days
2026-09-14 03:40:39 web-02 nginx[6069]: INFO GET /static/app.js 304 97ms
2026-09-03 19:58:43 web-01 nginx[116]: INFO scheduled task 35 queued
2026-09-14 02:47:49 edge-07 redis[7569]: WARN certificate expires in 87 days
2026-09-02 04:42:38 worker-05 nginx[639]: INFO cache hit ratio 69%
2026-09-05 00:23:24 edge-07 systemd[5907]: ERROR TLS handshake failed with 10.0.80.11
2026-09-05 11:32:01 web-01 systemd[2921]: INFO GET /static/app.js 304 71ms
2026-09-27 12:26:57 api-03 worker[8194]: INFO listening on port 8063
2026-09-15 22:27:20 web-01 postgres[9575]: INFO cache hit ratio 66%
2026-09-14 19:27:15 cache-02 worker[1466]: INFO reloaded configuration
2026-09-18 19:05:16 worker-05 app[6145]: INFO GET /static/app.js 304 87ms
2026-09-13 08:46:41 web-01 nginx[9930]: INFO listening on port 8054
2026-09-28 10:56:05 web-02 cron[647]: INFO session opened for user student
2026-09-25 19:37:45 cache-02 postgres[3181]: INFO session opened for user student
2026-09-15 00:16:00 api-03 redis[7736]: INFO GET /static/app.js 304 5ms
2026-09-21 02:29:06 web-01 app[5573]: INFO reloaded configuration
2026-09-15 16:29:45 edge-07 nginx[6568]: INFO cache hit ratio 65%
2026-09-18 09:50:12 worker-05 systemd[9645]: INFO connection accepted from 10.0.82.86
2026-09-10 10:11:12 api-03 cron[3800]: INFO cache hit ratio 75%
2026-09-09 15:23:27 edge-07 cron[8873]: INFO POST /api/v1/orders 201 47ms
2026-09-12 19:49:21 web-02 nginx[1146]: INFO connection accepted from 10.0.75.47
2026-09-08 12:18:07 api-03 cron[8645]: WARN certificate expires in 45 days
2026-09-20 00:21:48 cache-02 worker[3589]: ERROR cannot open /etc/app/67.conf
2026-09-22 16:58:49 web-01 sshd[1384]: WARN certificate expires in 13 days
2026-09-15 16:26:12 edge-07 postgres[3259]: INFO cache hit ratio 7%
2026-09-24 06:19:39 edge-07 cron[609]: WARN slow query (3ms): SELECT * FROM orders
2026-09-07 04:35:45 db-01 sshd[2453]: INFO rotating log, 77 MB written
2026-09-27 08:47:24 web-01 app[7704]: INFO GET /static/app.js 304 15ms
2026-09-11 19:21:20 web-02 redis[6883]: ERROR disk full on /var/log
2026-09-12 03:08:42 web-01 worker[1661]: INFO cache hit ratio 20%
2026-09-22 14:51:05 worker-05 worker[4855]: INFO listening on port 8033
2026-09-06 07:16:58 db-01 sshd[113]: WARN certificate expires in 71 days
2026-09-24 05:18:32 db-01 cron[7338]: INFO connection accepted from 10.0.93.21
2026-09-06 05:04:51 web-01 redis[3584]: INFO GET /static/app.js 304 70ms
2026-09-14 22:53:28 worker-05 redis[2485]: WARN queue depth 5
2026-09-10 20:43:00 db-01 app[8536]: INFO health check ok
2026-09-26 18:48:19 cache-02 postgres[9091]: WARN GET /api/v1/report 429 rate limited
2026-09-12 17:03:04 api-03 postgres[1144]: WARN GET /api/v1/report 429 rate limited
2026-09-16 00:21:10 web-02 postgres[4642]: WARN GET /api/v1/report 429 rate limited
2026-09-13 21:11:03 db-01 systemd[9337]: INFO connection accepted from 10.0.91.97
2026-09-16 00:01:18 edge-07 sshd[9872]: WARN worker 69 restarted
2026-09-25 17:11:36 cache-02 app[3963]: INFO GET /static/app.js 304 86ms
2026-09-12 16:23:28 web-01 nginx[6938]: WARN GET /api/v1/report 429 rate limited
2026-09-21 08:24:12 web-01 nginx[5395]: WARN certificate expires in 66 days
2026-09-23 21:12:47 web-01 cron[8071]: INFO session opened for user student
2026-09-24 09:33:53 api-03 nginx[694]: INFO listening on port 8043
2026-09-03 23:28:03 web-02 worker[3051]: INFO GET /static/app.js 304 72ms
2026-09-13 15:12:50 worker-05 worker[3373]: INFO reloaded configuration
2026-09-09 22:17:15 cache-02 redis[7875]: INFO job 88 finished in 59s
2026-09-14 16:03:41 web-02 worker[3500]: INFO GET /static/app.js 304 68ms
2026-09-21 10:41:38 api-03 sshd[969]: INFO connection accepted from 10.0.67.13
2026-09-22 20:28:49 db-01 redis[4318]: INFO cache hit ratio 22%
2026-09-11 10:55:14 web-01 postgres[8292]: INFO reloaded configuration
2026-09-27 07:28:27 worker-05 sshd[5065]: INFO GET /static/app.js 304 62ms
2026-09-18 02:02:54 api-03 sshd[6730]: WARN worker 12 restarted
2026-09-18 11:21:32 web-02 nginx[6888]: INFO GET /api/v1/users 200 62ms
2026-09-03 03:01:30 api-03 postgres[5464]: INFO session opened for user student
2026-09-19 06:10:28 cache-02 redis[5346]: WARN queue depth 58
2026-09-21 14:10:31 cache-02 sshd[2818]: INFO GET /static/app.js 304 27ms
2026-09-23 23:58:06 db-01 nginx[2322]: WARN GET /api/v1/report 429 rate limited
2026-09-07 03:56:20 db-01 app[4945]: INFO health check ok
2026-09-19 22:22:17 web-01 app[1417]: INFO listening on port 8079
2026-09-14 21:41:17 api-03 postgres[1059]: INFO GET /static/app.js 304 73ms
2026-09-01 05:05:41 web-01 systemd[4119]: INFO reloaded configuration
2026-09-16 17:07:40 web-01 worker[3182]: INFO reloaded configuration
2026-09-03 18:44:16 worker-05 app[7465]: WARN clock skew 10ms detected
2026-09-21 02:24:44 cache-02 systemd[706]: INFO POST /api/v1/orders 201 65ms
2026-09-06 13:26:21 cache-02 redis[5617]: WARN clock skew 97ms detected
2026-09-05 16:02:24 worker-05 cron[9461]: INFO GET /api/v1/users 200 21ms
2026-09-11 13:14:00 db-01 nginx[838]: INFO GET /static/app.js 304 71ms
2026-09-25 08:27:37 worker-05 worker[4860]: INFO reloaded configuration
2026-09-18 20:24:22 cache-02 postgres[619]: INFO GET /static/app.js 304 26ms
2026-09-15 05:03:45 worker-05 systemd[2581]: WARN worker 28 restarted
2026-09-14 02:05:21 web-01 cron[6774]: INFO session opened for user student
2026-09-11 16:18:03 cache-02 sshd[8593]: WARN queue depth 24
2026-09-22 05:21:27 web-01 app[5429]: INFO POST /api/v1/orders 201 74ms
2026-09-22 11:24:48 cache-02 systemd[4754]: INFO POST /api/v1/orders 201 57ms
2026-09-19 15:56:12 edge-07 cron[3575]: INFO job 33 finished in 63s
2026-09-19 06:53:06 edge-07 worker[4137]: WARN queue depth 6
2026-09-22 03:00:59 edge-07 postgres[6462]: INFO GET /static/app.js 304 51ms
2026-09-15 02:41:50 db-01 cron[748]: INFO connection accepted from 10.0.28.79
2026-09-02 01:08:41 api-03 cron[1462]: INFO reloaded configuration
2026-09-10 23:36:21 worker-05 redis[8712]: INFO reloaded configuration
2026-09-14 14:20:10 api-03 app[7387]: INFO health check ok
2026-09-14 17:38:55 web-02 redis[5480]: INFO rotating log, 50 MB written
2026-09-08 00:10:44 web-02 sshd[2012]: WARN certificate expires in 54 days
2026-09-21 14:21:59 api-03 systemd[3935]: ERROR TLS handshake failed with 10.0.53.14
2026-09-06 06:47:47 api-03 worker[7820]: INFO cache hit ratio 85%
2026-09-21 10:48:29 cache-02 postgres[7240]: INFO health check ok
2026-09-16 10:35:54 cache-02 redis[3350]: INFO rotating log, 25 MB written
2026-09-11 14:36:23 db-01 cron[9631]: INFO session opened for user student
2026-09-24 03:26:11 web-01 postgres[9706]: INFO scheduled task 95 queued
2026-09-28 12:21:31 edge-07 cron[3810]: INFO connection accepted from 10.0.71.97
2026-09-05 07:27:55 edge-07 app[3659]: INFO health check ok
2026-09-20 22:36:37 worker-05 cron[1214]: INFO health check ok
2026-09-17 18:00:53 api-03 worker[938]: INFO POST /api/v1/orders 201 56ms
2026-09-09 00:19:52 cache-02 postgres[9385]: INFO session opened for user student
2026-09-02 00:22:22 db-01 worker[4361]: INFO listening on port 8043
2026-09-20 11:27:53 web-02 cron[1800]: INFO GET /static/app.js 304 70ms
2026-09-21 14:41:49 api-03 nginx[6925]: WARN retrying job 35 (63/3)
2026-09-20 03:40:51 web-01 redis[2569]: INFO job 45 finished in 9s
2026-09-22 16:00:13 web-01 worker[3789]: INFO reloaded configuration
2026-09-06 11:19:14 web-01 cron[6103]: INFO reloaded configuration
2026-09-03 05:35:28 web-01 systemd[8068]: INFO GET /static/app.js 304 9ms
2026-09-13 06:32:46 worker-05 postgres[5757]: WARN clock skew 89ms detected
2026-09-20 13:15:08 db-01 systemd[2257]: INFO reloaded configuration
2026-09-11 11:54:52 api-03 nginx[4547]: WARN GET /api/v1/report 429 rate limited
2026-09-04 05:58:18 web-01 nginx[7223]: INFO reloaded configuration
2026-09-24 06:08:33 web-01 worker[1518]: INFO listening on port 8021
2026-09-28 00:32:20 worker-05 nginx[8113]: INFO GET /api/v1/users 200 67ms
2026-09-21 11:15:16 cache-02 app[5680]: INFO GET /api/v1/users 200 2ms
2026-09-13 05:40:11 api-03 cron[6322]: INFO rotating log, 56 MB written
2026-09-13 08:33:00 db-01 postgres[4357]: INFO GET /static/app.js 304 48ms
2026-09-16 21:27:53 web-02 postgres[9908]: INFO GET /api/v1/users 200 68ms
2026-09-26 19:41:00 web-01 cron[1941]: ERROR disk full on /var/log
2026-09-27 01:07:02 worker-05 worker[6269]: INFO cache hit ratio 91%
2026-09-24 01:19:05 cache-02 postgres[1365]: INFO GET /api/v1/users 200 34ms
2026-09-11 17:40:51 worker-05 redis[4751]: INFO scheduled task 43 queued
2026-09-17 01:36:55 api-03 worker[3534]: WARN worker 58 restarted
2026-09-18 20:53:36 edge-07 systemd[8254]: INFO listening on port 8059
2026-09-22 06:22:47 cache-02 cron[4515]: INFO connection accepted from 10.0.86.20
2026-09-10 08:37:23 api-03 app[3912]: INFO connection accepted from 10.0.70.38
2026-09-11 07:31:01 api-03 app[8795]: INFO rotating log, 22 MB written
2026-09-19 12:21:03 web-02 postgres[7710]: INFO session opened for user student
2026-09-14 09:58:48 edge-07 sshd[7561]: INFO reloaded configuration
2026-09-03 19:43:25 web-02 redis[5312]: INFO listening on port 8078
2026-09-17 22:00:51 web-02 postgres[5321]: ERROR cannot open /etc/app/81.conf
2026-09-06 21:39:06 cache-02 worker[2517]: INFO POST /api/v1/orders 201 82ms
2026-09-16 04:40:22 edge-07 app[6204]: INFO GET /static/app.js 304 79ms
2026-09-19 17:10:05 edge-07 app[3329]: INFO health check ok
2026-09-16 17:57:33 web-02 redis[5171]: INFO rotating log, 39 MB written
2026-09-16 13:15:33 web-01 postgres[9000]: INFO POST /api/v1/orders 201 33ms
2026-09-04 21:25:37 web-01 sshd[605]: INFO cache hit ratio 72%
2026-09-22 00:44:43 edge-07 postgres[8754]: INFO GET /static/app.js 304 5ms
2026-09-01 04:55:55 worker-05 app[8750]: INFO rotating log, 56 MB written
2026-09-03 02:18:32 worker-05 app[4146]: INFO job 10 finished in 96s
2026-09-22 07:23:12 db-01 cron[6943]: INFO GET /api/v1/users 200 14ms
2026-09-01 15:36:05 db-01 nginx[8939]: INFO cache hit ratio 70%
2026-09-15 21:42:33 cache-02 sshd[4445]: WARN retrying job 70 (80/3)
2026-09-17 06:04:04 web-02 cron[8317]: WARN worker 16 restarted
2026-09-01 09:41:25 api-03 app[8026]: INFO POST /api/v1/orders 201 86ms
2026-09-07 04:44:31 worker-05 sshd[1598]: INFO health check ok
2026-09-18 23:45:38 web-01 nginx[9410]: INFO POST /api/v1/orders 201 40ms
2026-09-12 12:06:59 api-03 app[6120]: INFO GET /api/v1/users 200 58ms
2026-09-04 03:42:52 db-01 app[7811]: INFO listening on port 8040
2026-09-09 02:44:35 api-03 worker[510]: INFO listening on port 8065
2026-09-25 15:39:31 web-02 sshd[7112]: INFO cache hit ratio 5%
2026-09-04 12:42:30 db-01 redis[8226]: INFO POST /api/v1/orders 201 47ms
2026-09-24 17:56:54 edge-07 worker[8168]: INFO rotating log, 88 MB written
2026-09-09 19:05:29 web-02 systemd[1372]: WARN retrying job 3 (87/3)
2026-09-14 21:33:21 web-02 cron[5163]: INFO connection accepted from 10.0.29.62
2026-09-20 17:04:37 edge-07 sshd[1503]: INFO GET /static/app.js 304 83ms
2026-09-28 16:21:35 web-01 systemd[5814]: INFO GET /static/app.js 304 40ms
2026-09-05 08:33:58 edge-07 nginx[7751]: INFO health check ok
2026-09-03 03:25:59 edge-07 worker[1385]: WARN GET /api/v1/report 429 rate limited
2026-09-23 02:03:44 api-03 nginx[9707]: WARN disk usage at 7%
2026-09-27 14:28:57 web-01 redis[4672]: INFO scheduled task 32 queued
2026-09-13 01:24:59 db-01 app[1286]: WARN disk usage at 52%
2026-09-03 13:22:58 cache-02 redis[7817]: INFO reloaded configuration
2026-09-09 09:48:33 web-02 sshd[7334]: INFO reloaded configuration
2026-09-10 23:02:56 api-03 cron[9656]: INFO listening on port 8073
2026-09-20 12:28:35 db-01 sshd[5193]: INFO session opened for user student
2026-09-13 05:15:13 edge-07 systemd[9746]: WARN disk usage at 85%
2026-09-14 21:49:58 edge-07 redis[6370]: INFO reloaded configuration
2026-09-10 22:11:31 web-02 redis[2369]: INFO cache hit ratio 62%
2026-09-06 08:43:07 edge-07 cron[7647]: INFO reloaded configuration
2026-09-05 02:53:17 api-03 sshd[9781]: INFO cache hit ratio 77%
2026-09-17 12:48:16 api-03 sshd[8402]: INFO rotating log, 69 MB written
2026-09-21 00:11:40 worker-05 sshd[3635]: INFO cache hit ratio 19%
2026-09-20 11:39:49 edge-07 redis[6844]: INFO job 37 finished in 62s
2026-09-05 03:36:56 worker-05 redis[3542]: INFO scheduled task 39 queued
2026-09-07 20:47:06 web-01 postgres[9268]: INFO listening on port 805
2026-09-21 07:33:33 web-02 systemd[3864]: INFO reloaded configuration
2026-09-14 13:28:42 web-01 postgres[3884]: INFO health check ok
2026-09-22 19:37:02 api-03 cron[3248]: INFO GET /api/v1/users 200 91ms
2026-09-01 07:46:08 cache-02 worker[5547]: INFO job 71 finished in 34s
2026-09-20 20:34:33 api-03 cron[8268]: INFO listening on port 8094
2026-09-07 01:24:29 cache-02 worker[1695]: INFO POST /api/v1/orders 201 36ms
2026-09-26 19:17:17 web-02 redis[6679]: INFO cache hit ratio 28%
2026-09-18 04:14:11 edge-07 postgres[8388]: WARN queue depth 23
2026-09-09 01:22:01 web-02 cron[8650]: INFO POST /api/v1/orders 201 28ms
2026-09-10 20:38:36 web-02 redis[5760]: WARN worker 97 restarted
2026-09-22 10:27:11 api-03 cron[1016]: INFO session opened for user student
2026-09-11 00:38:04 web-02 redis[7416]: INFO GET /api/v1/users 200 8ms
2026-09-21 15:23:22 edge-07 systemd[5890]: INFO connection accepted from 10.0.93.24
2026-09-26 19:48:29 api-03 sshd[5924]: ERROR connection refused to db-01:5432
2026-09-20 02:31:32 cache-02 postgres[654]: INFO job 58 finished in 53s
2026-09-03 10:16:11 web-02 redis[1365]: INFO POST /api/v1/orders 201 18ms
2026-09-16 15:01:18 edge-07 systemd[7162]: INFO POST /api/v1/orders 201 97ms
2026-09-22 08:51:08 web-01 sshd[8686]: INFO POST /api/v1/orders 201 52ms
2026-09-22 21:41:48 db-01 sshd[6835]: INFO reloaded configuration
2026-09-10 23:50:37 api-03 redis[7894]: INFO health check ok
2026-09-17 17:53:58 edge-07 redis[1993]: INFO GET /api/v1/users 200 90ms
2026-09-16 19:12:26 web-02 nginx[8995]: INFO cache hit ratio 86%
2026-09-01 11:04:09 web-02 app[4306]: WARN GET /api/v1/report 429 rate limited
2026-09-26 14:20:07 api-03 sshd[8783]: INFO connection accepted from 10.0.59.73
2026-09-12 13:27:09 edge-07 sshd[6422]: ERROR job 88 failed: timeout after 49s
2026-09-16 00:08:09 edge-07 nginx[4688]: INFO job 37 finished in 8s
2026-09-09 16:10:43 db-01 postgres[7970]: INFO POST /api/v1/orders 201 56ms
2026-09-18 09:06:23 edge-07 cron[7445]: ERROR cannot open /etc/app/80.conf
2026-09-06 01:15:29 worker-05 worker[9251]: INFO connection accepted from 10.0.70.78
2026-09-07 10:04:10 db-01 sshd[6217]: INFO scheduled task 6 queued
2026-09-12 11:21:16 db-01 sshd[6618]: INFO POST /api/v1/orders 201 25ms
2026-09-07 13:59:47 web-02 postgres[248]: WARN retrying job 30 (86/3)
2026-09-12 04:13:06 cache-02 app[5471]: INFO health check ok
2026-09-27 13:47:21 api-03 nginx[7511]: ERROR TLS handshake failed with 10.0.19.19
2026-09-25 05:31:09 api-03 app[5010]: WARN disk usage at 25%
2026-09-09 21:04:11 web-01 postgres[8141]: INFO cache hit ratio 79%
2026-09-19 13:27:42 web-02 redis[2504]: INFO cache hit ratio 9%
2026-09-13 21:00:32 api-03 redis[5888]: INFO listening on port 8076
2026-09-19 03:13:00 api-03 app[844]: INFO health check ok
2026-09-01 00:19:23 worker-05 postgres[1269]: WARN disk usage at 5%
2026-09-15 05:46:29 cache-02 redis[480]: INFO cache hit ratio 11%
2026-09-28 19:24:09 api-03 app[6815]: WARN worker 43 restarted
2026-09-24 12:24:58 cache-02 systemd[9074]: ERROR disk full on /var/log
2026-09-10 07:51:10 db-01 redis[1063]: INFO rotating log, 65 MB written
2026-09-12 04:00:52 web-02 postgres[3940]: INFO rotating log, 24 MB written
2026-09-02 22:33:48 worker-05 postgres[155]: INFO job 87 finished in 47s
2026-09-09 11:11:37 worker-05 systemd[7494]: INFO listening on port 8093
2026-09-21 15:50:29 web-01 systemd[7881]: INFO session opened for user student
2026-09-14 14:34:34 web-02 worker[3140]: INFO rotating log, 97 MB written
2026-09-05 13:17:44 db-01 app[1505]: INFO GET /static/app.js 304 64ms
2026-09-15 09:29:43 worker-05 postgres[8091]: INFO health check ok
2026-09-10 16:27:24 db-01 worker[1487]: ERROR upstream timed out (110)
2026-09-01 04:57:27 worker-05 redis[5281]: ERROR disk full on /var/log
2026-09-16 17:01:16 api-03 redis[3183]: INFO scheduled task 47 queued
2026-09-15 00:11:41 worker-05 worker[4730]: INFO cache hit ratio 30%
2026-09-24 03:23:39 db-01 sshd[5059]: INFO POST /api/v1/orders 201 7ms
2026-09-23 12:29:23 api-03 systemd[5062]: INFO job 2 finished in 38s
2026-09-25 21:26:44 web-02 app[6386]: INFO cache hit ratio 48%
2026-09-01 04:05:09 worker-05 redis[8997]: INFO job 56 finished in 3s
2026-09-23 21:26:41 api-03 worker[7282]: INFO reloaded configuration
2026-09-25 20:57:51 web-01 sshd[9751]: WARN queue depth 4
