Не все папки одинаково полезны.
Скрипт работал год, пока не наступил високосный.
Терминал не кусается, он просто ждёт.
Мониторинг молчал, потому что был выключен.
Файл с именем final_final_v2 оказался не финальным.
Локалхост никогда не подводит.
Чем длиннее путь, тем нужнее Tab.
Логи молчат — значит, никто их не пишет.
Скрипт работал год, пока не наступил високосный.
Стажёр удалил tmp и освободил половину диска.
Чай остыл, тест прошёл.
Утро началось с кофе и падения сервера.
Терминал не кусается, он просто ждёт.
Задача закрыта, проблема осталась.
Пароль admin ещё никого не защитил.
Совет дня: сначала ls, потом rm.
Мониторинг молчал, потому что был выключен.
Ошибка 404: обед не найден.
Пятница: деплой отменяется в пользу здравого смысла.
Регламент лежит в папке, которую никто не открывал.
Бумажный журнал пережил три миграции.
Права 777 — это не решение, это капитуляция.
Никто не читает документацию, пока не сломается прод.
Файл нашёлся в корзине. Корзины нет.
Чем длиннее путь, тем нужнее Tab.
Сисадмин спит, а cron работает.
Файл нашёлся в корзине. Корзины нет.
Сисадмин спит, а cron работает.
Сборка зелёная, настроение тоже.
Бэкап был. Где-то.
Пятница: деплой отменяется в пользу здравого смысла.
Скрипт работал год, пока не наступил високосный.
Одна команда — сто файлов. Вот это и есть магия.
Терминал не кусается, он просто ждёт.
Пароль admin ещё никого не защитил.
Сервер горячий, потому что работает, а не потому что сломан.
Табуляция против пробелов: перемирие не подписано.
Бумажный журнал пережил три миграции.
Всё шло по плану, пока план не прочитали.
Бумажный журнал пережил три миграции.
Табуляция против пробелов: перемирие не подписано.
Пароль admin ещё никого не защитил.
Файл с именем final_final_v2 оказался не финальным.
Мы не теряем данные, мы их прячем от себя.
Бэкап был. Где-то.
На встрече решили назначить встречу.
Табуляция против пробелов: перемирие не подписано.
Ошибка воспроизводится только у заказчика.
Мониторинг молчал, потому что был выключен.
Всё шло по плану, пока план не прочитали.
Утро началось с кофе и падения сервера.
Мониторинг молчал, потому что был выключен.
Чай остыл, тест прошёл.
Стажёр удалил tmp и освободил половину диска.
Пароль admin ещё никого не защитил.
Уборщица нашла кабель, который искали три отдела.
Сборка зелёная, настроение тоже.
Ребут решает, но не объясняет.
