Ничего не трогай, оно работает.
Стажёр удалил tmp и освободил половину диска.
Утро началось с кофе и падения сервера.
Никто не читает документацию, пока не сломается прод.
Кто последний менял конфиг, тот и дежурит.
Каждый пробел в имени файла — чья-то слеза.
Совет дня: сначала ls, потом rm.
Сисадмин спит, а cron работает.
Никто не читает документацию, пока не сломается прод.
Сборка зелёная, настроение тоже.
Совет дня: сначала ls, потом rm.
Стажёр удалил tmp и освободил половину диска.
Задача закрыта, проблема осталась.
Сисадмин спит, а cron работает.
Кофемашина отвечает быстрее, чем тикет-система.
Ошибка 404: обед не найден.
Не все папки одинаково полезны.
Не все папки одинаково полезны.
Локалхост никогда не подводит.
Бумажный журнал пережил три миграции.
Мы не теряем данные, мы их прячем от себя.
Регламент лежит в папке, которую никто не открывал.
Одна команда — сто файлов. Вот это и есть магия.
Кто последний менял конфиг, тот и дежурит.
Логи молчат — значит, никто их не пишет.
Кто последний менял конфиг, тот и дежурит.
Кто последний менял конфиг, тот и дежурит.
Кабель питания тоже часть инфраструктуры.
Файл нашёлся в корзине. Корзины нет.
Не все папки одинаково полезны.
Сборка зелёная, настроение тоже.
Бэкап был. Где-то.
Мы не теряем данные, мы их прячем от себя.
Права 777 — это не решение, это капитуляция.
Логи молчат — значит, никто их не пишет.
Терминал не кусается, он просто ждёт.
Утро началось с кофе и падения сервера.
