Ребут решает, но не объясняет.
Уборщица нашла кабель, который искали три отдела.
Чем длиннее путь, тем нужнее Tab.
Чем длиннее путь, тем нужнее Tab.
Никто не читает документацию, пока не сломается прод.
Табуляция против пробелов: перемирие не подписано.
Ошибка 404: обед не найден.
Локалхост никогда не подводит.
Задача закрыта, проблема осталась.
Скрипт работал год, пока не наступил високосный.
Одна команда — сто файлов. Вот это и есть магия.
Ничего не трогай, оно работает.
Локалхост никогда не подводит.
Чем длиннее путь, тем нужнее Tab.
Ничего не трогай, оно работает.
Ошибка 404: обед не найден.
Если сомневаешься — man.
Никто не читает документацию, пока не сломается прод.
Бумажный журнал пережил три миграции.
Утро началось с кофе и падения сервера.
