Сисадмин спит, а cron работает.
На встрече решили назначить встречу.
Логи молчат — значит, никто их не пишет.
Кофемашина отвечает быстрее, чем тикет-система.
Сисадмин спит, а cron работает.
Кто последний менял конфиг, тот и дежурит.
Не все папки одинаково полезны.
На встрече решили назначить встречу.
Пароль admin ещё никого не защитил.
Файл с именем final_final_v2 оказался не финальным.
Кто последний менял конфиг, тот и дежурит.
Ничего не трогай, оно работает.
Пятница: деплой отменяется в пользу здравого смысла.
Пятница: деплой отменяется в пользу здравого смысла.
Мы не теряем данные, мы их прячем от себя.
Ошибка воспроизводится только у заказчика.
Чай остыл, тест прошёл.
На встрече решили назначить встречу.
Чем длиннее путь, тем нужнее Tab.
Файл нашёлся в корзине. Корзины нет.
Бумажный журнал пережил три миграции.
Бумажный журнал пережил три миграции.
Файл с именем final_final_v2 оказался не финальным.
Логи молчат — значит, никто их не пишет.
Бэкап был. Где-то.
Локалхост никогда не подводит.
Мониторинг молчал, потому что был выключен.
Права 777 — это не решение, это капитуляция.
Табуляция против пробелов: перемирие не подписано.
Ошибка 404: обед не найден.
Всё шло по плану, пока план не прочитали.
Табуляция против пробелов: перемирие не подписано.
Регламент лежит в папке, которую никто не открывал.
Чем длиннее путь, тем нужнее Tab.
Сервер горячий, потому что работает, а не потому что сломан.
Локалхост никогда не подводит.
Ошибка 404: обед не найден.
Терминал не кусается, он просто ждёт.
Стажёр удалил tmp и освободил половину диска.
Пятница: деплой отменяется в пользу здравого смысла.
Регламент лежит в папке, которую никто не открывал.
Файл с именем final_final_v2 оказался не финальным.
Бэкап был. Где-то.
Каждый пробел в имени файла — чья-то слеза.
Пароль admin ещё никого не защитил.
Ошибка воспроизводится только у заказчика.
Сервер горячий, потому что работает, а не потому что сломан.
Всё шло по плану, пока план не прочитали.
Сервер горячий, потому что работает, а не потому что сломан.
Стажёр удалил tmp и освободил половину диска.
Кот сел на клавиатуру и запушил в main.
Одна команда — сто файлов. Вот это и есть магия.
Мониторинг молчал, потому что был выключен.
Стажёр удалил tmp и освободил половину диска.
Локалхост никогда не подводит.
Задача закрыта, проблема осталась.
Мы не теряем данные, мы их прячем от себя.
Чем длиннее путь, тем нужнее Tab.
Ничего не трогай, оно работает.
