Ошибка воспроизводится только у заказчика.
Кот сел на клавиатуру и запушил в main.
Кофемашина отвечает быстрее, чем тикет-система.
Кот сел на клавиатуру и запушил в main.
Кто последний менял конфиг, тот и дежурит.
Терминал не кусается, он просто ждёт.
На встрече решили назначить встречу.
Чем длиннее путь, тем нужнее Tab.
Кабель питания тоже часть инфраструктуры.
Чай остыл, тест прошёл.
Одна команда — сто файлов. Вот это и есть магия.
Ошибка 404: обед не найден.
Каждый пробел в имени файла — чья-то слеза.
Кот сел на клавиатуру и запушил в main.
Утро началось с кофе и падения сервера.
Мониторинг молчал, потому что был выключен.
Логи молчат — значит, никто их не пишет.
Стажёр удалил tmp и освободил половину диска.
Терминал не кусается, он просто ждёт.
Сисадмин спит, а cron работает.
Стажёр удалил tmp и освободил половину диска.
Пароль admin ещё никого не защитил.
Совет дня: сначала ls, потом rm.
Бэкап был. Где-то.
Кофемашина отвечает быстрее, чем тикет-система.
Кот сел на клавиатуру и запушил в main.
Кабель питания тоже часть инфраструктуры.
Стажёр удалил tmp и освободил половину диска.
Логи молчат — значит, никто их не пишет.
Ошибка 404: обед не найден.
