Ребут решает, но не объясняет.
Всё шло по плану, пока план не прочитали.
Кабель питания тоже часть инфраструктуры.
Чай остыл, тест прошёл.
Сборка зелёная, настроение тоже.
Если сомневаешься — man.
Утро началось с кофе и падения сервера.
Чем длиннее путь, тем нужнее Tab.
Табуляция против пробелов: перемирие не подписано.
Утро началось с кофе и падения сервера.
Ничего не трогай, оно работает.
На встрече решили назначить встречу.
Утро началось с кофе и падения сервера.
Совет дня: сначала ls, потом rm.
Чем длиннее путь, тем нужнее Tab.
Ошибка 404: обед не найден.
Ошибка воспроизводится только у заказчика.
Кабель питания тоже часть инфраструктуры.
Файл с именем final_final_v2 оказался не финальным.
Сборка зелёная, настроение тоже.
Ошибка воспроизводится только у заказчика.
Сервер горячий, потому что работает, а не потому что сломан.
Если сомневаешься — man.
Кабель питания тоже часть инфраструктуры.
На встрече решили назначить встречу.
Мониторинг молчал, потому что был выключен.
Файл с именем final_final_v2 оказался не финальным.
Ничего не трогай, оно работает.
Файл с именем final_final_v2 оказался не финальным.
Мониторинг молчал, потому что был выключен.
Если сомневаешься — man.
Каждый пробел в имени файла — чья-то слеза.
Терминал не кусается, он просто ждёт.
Если сомневаешься — man.
Чем длиннее путь, тем нужнее Tab.
Пятница: деплой отменяется в пользу здравого смысла.
Файл с именем final_final_v2 оказался не финальным.
Файл нашёлся в корзине. Корзины нет.
Терминал не кусается, он просто ждёт.
Чай остыл, тест прошёл.
Совет дня: сначала ls, потом rm.
