Кто последний менял конфиг, тот и дежурит.
Локалхост никогда не подводит.
Мониторинг молчал, потому что был выключен.
Чай остыл, тест прошёл.
Бэкап был. Где-то.
Кто последний менял конфиг, тот и дежурит.
Сисадмин спит, а cron работает.
Файл с именем final_final_v2 оказался не финальным.
Если сомневаешься — man.
Чай остыл, тест прошёл.
Локалхост никогда не подводит.
Чем длиннее путь, тем нужнее Tab.
Бумажный журнал пережил три миграции.
Чай остыл, тест прошёл.
Одна команда — сто файлов. Вот это и есть магия.
Файл с именем final_final_v2 оказался не финальным.
Бэкап был. Где-то.
Бэкап был. Где-то.
Сисадмин спит, а cron работает.
Никто не читает документацию, пока не сломается прод.
Сборка зелёная, настроение тоже.
Уборщица нашла кабель, который искали три отдела.
Терминал не кусается, он просто ждёт.
Задача закрыта, проблема осталась.
На встрече решили назначить встречу.
Никто не читает документацию, пока не сломается прод.
Табуляция против пробелов: перемирие не подписано.
Каждый пробел в имени файла — чья-то слеза.
Мы не теряем данные, мы их прячем от себя.
Мы не теряем данные, мы их прячем от себя.
Сборка зелёная, настроение тоже.
Никто не читает документацию, пока не сломается прод.
Файл нашёлся в корзине. Корзины нет.
Ребут решает, но не объясняет.
