2026-09-22 23:55:25 web-02 nginx[4851]: INFO job 7 finished in 82s
2026-09-14 04:21:49 edge-07 app[1305]: WARN queue depth 78
2026-09-17 08:41:14 web-01 nginx[4150]: INFO listening on port 8038
2026-09-18 04:22:26 cache-02 postgres[6573]: INFO connection accepted from 10.0.43.72
2026-09-04 01:51:20 web-02 sshd[4464]: INFO listening on port 8073
2026-09-18 13:18:46 edge-07 postgres[1564]: INFO GET /api/v1/users 200 22ms
2026-09-27 23:33:46 edge-07 nginx[5388]: INFO listening on port 8080
2026-09-22 23:54:57 db-01 worker[7103]: INFO POST /api/v1/orders 201 30ms
2026-09-27 11:15:37 web-01 redis[7311]: INFO connection accepted from 10.0.55.17
2026-09-25 21:38:29 cache-02 nginx[2996]: INFO listening on port 8030
2026-09-22 00:47:07 web-01 systemd[9564]: INFO connection accepted from 10.0.87.57
2026-09-15 20:28:21 db-01 nginx[9491]: INFO reloaded configuration
2026-09-14 07:42:48 worker-05 cron[5160]: INFO rotating log, 91 MB written
2026-09-08 01:31:39 edge-07 sshd[302]: WARN disk usage at 63%
2026-09-26 01:27:59 api-03 sshd[8458]: WARN disk usage at 51%
2026-09-28 11:42:03 web-01 redis[5802]: INFO job 80 finished in 57s
2026-09-02 04:31:37 worker-05 postgres[2960]: WARN retrying job 28 (17/3)
2026-09-11 09:06:26 api-03 worker[9597]: WARN retrying job 30 (69/3)
2026-09-22 09:01:36 api-03 app[2666]: INFO GET /static/app.js 304 24ms
2026-09-22 10:34:37 web-01 app[4513]: INFO cache hit ratio 23%
2026-09-07 17:51:29 db-01 cron[4912]: INFO cache hit ratio 22%
2026-09-09 22:18:27 web-01 worker[1572]: WARN disk usage at 77%
2026-09-17 18:45:33 db-01 nginx[1053]: INFO connection accepted from 10.0.35.19
2026-09-02 17:17:43 worker-05 sshd[3180]: INFO listening on port 8066
2026-09-24 14:03:47 api-03 app[9942]: INFO job 59 finished in 96s
2026-09-03 16:19:16 web-01 worker[5647]: INFO session opened for user student
2026-09-02 02:48:36 cache-02 postgres[2442]: INFO listening on port 8082
2026-09-01 14:49:31 edge-07 systemd[1369]: INFO listening on port 8095
2026-09-05 22:47:17 web-02 nginx[5544]: INFO session opened for user student
2026-09-17 08:26:34 web-02 sshd[5705]: INFO scheduled task 75 queued
2026-09-01 23:17:00 db-01 systemd[8289]: INFO rotating log, 27 MB written
2026-09-17 12:46:29 db-01 systemd[3218]: WARN slow query (61ms): SELECT * FROM orders
2026-09-24 17:55:50 db-01 redis[4077]: INFO listening on port 8032
2026-09-25 01:10:01 worker-05 worker[3984]: INFO rotating log, 6 MB written
2026-09-17 17:47:52 api-03 nginx[1811]: ERROR TLS handshake failed with 10.0.26.17
2026-09-08 08:23:58 db-01 systemd[4478]: INFO connection accepted from 10.0.23.91
2026-09-02 03:52:56 api-03 worker[6899]: INFO GET /api/v1/users 200 95ms
2026-09-10 00:10:07 web-02 redis[4509]: INFO health check ok
2026-09-28 13:53:01 web-02 app[243]: INFO connection accepted from 10.0.86.93
2026-09-15 21:56:51 db-01 postgres[7997]: INFO listening on port 8036
2026-09-01 02:02:51 api-03 app[8103]: INFO reloaded configuration
2026-09-21 12:14:39 web-02 sshd[3970]: INFO GET /api/v1/users 200 68ms
2026-09-05 13:05:17 api-03 systemd[7657]: WARN worker 80 restarted
2026-09-27 04:30:44 web-01 nginx[1329]: INFO GET /api/v1/users 200 54ms
2026-09-19 17:37:37 db-01 systemd[7152]: WARN retrying job 9 (27/3)
2026-09-10 17:34:42 web-01 worker[9265]: INFO job 72 finished in 76s
2026-09-09 03:27:51 api-03 systemd[1436]: INFO scheduled task 39 queued
2026-09-15 14:29:49 web-02 systemd[4595]: INFO scheduled task 71 queued
2026-09-16 15:22:28 db-01 nginx[6349]: INFO job 6 finished in 89s
2026-09-14 01:52:32 worker-05 nginx[4898]: INFO connection accepted from 10.0.95.59
2026-09-22 04:39:40 web-01 systemd[8814]: INFO rotating log, 72 MB written
2026-09-23 23:28:23 db-01 postgres[5880]: INFO health check ok
2026-09-18 13:23:45 edge-07 cron[2291]: INFO session opened for user student
2026-09-16 04:16:27 edge-07 sshd[7858]: INFO job 24 finished in 15s
2026-09-08 13:36:20 db-01 redis[1107]: INFO cache hit ratio 91%
2026-09-21 23:02:18 db-01 app[6124]: INFO scheduled task 40 queued
2026-09-23 09:21:50 db-01 nginx[8941]: INFO rotating log, 88 MB written
2026-09-20 05:23:22 api-03 worker[8907]: INFO scheduled task 70 queued
2026-09-04 06:17:54 api-03 cron[4970]: INFO POST /api/v1/orders 201 30ms
2026-09-18 08:07:23 api-03 postgres[7809]: INFO POST /api/v1/orders 201 69ms
2026-09-11 23:41:06 cache-02 sshd[8586]: ERROR segfault in worker 71
2026-09-15 00:21:20 web-01 app[1371]: INFO scheduled task 87 queued
2026-09-20 08:40:17 db-01 postgres[5432]: INFO reloaded configuration
2026-09-25 00:22:01 cache-02 worker[1417]: INFO GET /api/v1/users 200 88ms
2026-09-04 16:33:20 cache-02 cron[8401]: INFO GET /static/app.js 304 51ms
2026-09-02 13:12:38 cache-02 cron[1052]: WARN disk usage at 34%
2026-09-03 21:04:58 api-03 redis[5382]: INFO rotating log, 4 MB written
2026-09-25 22:22:41 web-01 cron[5051]: INFO GET /static/app.js 304 16ms
2026-09-07 17:22:13 db-01 postgres[4276]: WARN slow query (94ms): SELECT * FROM orders
2026-09-07 11:18:32 db-01 systemd[6572]: INFO connection accepted from 10.0.75.46
2026-09-05 13:00:18 cache-02 systemd[3928]: INFO listening on port 8014
2026-09-16 05:09:35 web-01 redis[8403]: INFO rotating log, 20 MB written
2026-09-22 14:09:15 edge-07 redis[6203]: WARN clock skew 30ms detected
2026-09-11 02:46:34 web-01 redis[3982]: INFO session opened for user student
2026-09-22 08:38:07 cache-02 nginx[5045]: INFO session opened for user student
2026-09-03 20:34:17 cache-02 systemd[8086]: INFO health check ok
2026-09-12 09:00:29 web-02 cron[1592]: INFO reloaded configuration
2026-09-11 07:57:59 cache-02 redis[8881]: ERROR connection refused to db-01:5432
2026-09-21 08:50:53 worker-05 sshd[2073]: INFO reloaded configuration
2026-09-11 06:27:11 db-01 nginx[1022]: INFO listening on port 8055
2026-09-09 22:20:08 web-02 app[4394]: INFO GET /api/v1/users 200 86ms
2026-09-23 22:53:57 worker-05 nginx[7430]: WARN queue depth 50
2026-09-27 07:46:29 web-02 systemd[8286]: INFO GET /static/app.js 304 32ms
2026-09-27 08:50:49 web-01 sshd[5458]: INFO health check ok
2026-09-22 06:11:21 api-03 redis[1253]: INFO health check ok
2026-09-05 17:47:40 edge-07 systemd[7004]: INFO health check ok
2026-09-11 10:34:32 web-01 cron[1634]: INFO reloaded configuration
2026-09-15 11:39:30 cache-02 postgres[783]: INFO health check ok
2026-09-02 07:18:31 db-01 worker[263]: INFO cache hit ratio 84%
2026-09-24 11:14:13 cache-02 redis[4064]: INFO reloaded configuration
2026-09-13 21:00:33 web-02 postgres[2973]: ERROR connection refused to db-01:5432
2026-09-27 17:26:21 cache-02 cron[2967]: WARN GET /api/v1/report 429 rate limited
2026-09-07 09:36:57 api-03 redis[6880]: WARN clock skew 33ms detected
2026-09-03 20:09:16 api-03 sshd[5832]: INFO session opened for user student
2026-09-10 07:39:36 edge-07 cron[5896]: ERROR connection refused to db-01:5432
2026-09-03 06:51:56 api-03 systemd[700]: INFO GET /static/app.js 304 62ms
2026-09-05 07:29:42 api-03 worker[8294]: INFO rotating log, 40 MB written
2026-09-19 09:04:45 api-03 nginx[4570]: INFO GET /static/app.js 304 49ms
2026-09-18 13:00:05 web-01 worker[2920]: INFO reloaded configuration
2026-09-01 01:14:53 worker-05 nginx[5180]: INFO cache hit ratio 70%
2026-09-07 06:06:26 worker-05 worker[9289]: INFO GET /api/v1/users 200 41ms
2026-09-08 01:04:48 web-02 app[4787]: INFO rotating log, 82 MB written
2026-09-27 09:52:07 web-01 redis[5264]: INFO connection accepted from 10.0.9.2
2026-09-10 21:18:39 db-01 worker[1962]: INFO connection accepted from 10.0.23.22
2026-09-16 19:22:22 cache-02 redis[6265]: INFO scheduled task 26 queued
2026-09-25 19:26:03 cache-02 cron[969]: INFO listening on port 8084
2026-09-28 01:04:24 cache-02 cron[5667]: INFO health check ok
2026-09-04 15:30:51 api-03 sshd[7589]: INFO session opened for user student
2026-09-14 13:59:16 cache-02 systemd[1397]: INFO GET /api/v1/users 200 43ms
2026-09-25 21:07:08 db-01 sshd[6747]: INFO health check ok
2026-09-07 20:26:22 web-02 nginx[8272]: INFO GET /static/app.js 304 55ms
2026-09-11 23:14:50 worker-05 redis[2129]: INFO listening on port 8079
2026-09-20 17:48:02 api-03 app[2381]: INFO health check ok
2026-09-26 00:02:29 api-03 systemd[197]: INFO connection accepted from 10.0.63.59
2026-09-24 01:34:54 cache-02 worker[6563]: INFO GET /static/app.js 304 42ms
2026-09-17 21:14:26 api-03 app[1831]: INFO job 86 finished in 80s
2026-09-27 02:30:34 cache-02 sshd[4742]: WARN queue depth 3
2026-09-02 18:02:50 db-01 nginx[6835]: INFO listening on port 8025
2026-09-13 07:14:52 web-01 nginx[934]: INFO health check ok
2026-09-23 14:27:34 web-02 systemd[7590]: INFO session opened for user student
2026-09-28 06:18:00 cache-02 systemd[7298]: INFO POST /api/v1/orders 201 68ms
2026-09-13 14:04:30 edge-07 sshd[2468]: INFO cache hit ratio 19%
2026-09-14 13:32:56 web-02 nginx[5516]: INFO connection accepted from 10.0.89.60
2026-09-18 01:15:24 api-03 sshd[6484]: INFO health check ok
2026-09-07 14:24:35 api-03 app[8138]: INFO cache hit ratio 15%
2026-09-15 08:30:45 api-03 systemd[8479]: INFO session opened for user student
2026-09-03 18:08:25 db-01 sshd[212]: INFO listening on port 809
2026-09-23 02:02:22 worker-05 worker[2464]: INFO connection accepted from 10.0.57.29
2026-09-25 15:15:45 db-01 nginx[8163]: INFO scheduled task 47 queued
2026-09-04 16:56:29 web-02 worker[1952]: INFO rotating log, 52 MB written
2026-09-09 08:25:25 worker-05 cron[2603]: INFO scheduled task 77 queued
2026-09-18 15:46:24 cache-02 systemd[8363]: INFO rotating log, 74 MB written
2026-09-10 15:11:17 web-02 nginx[2241]: WARN retrying job 67 (35/3)
2026-09-07 21:36:43 web-02 systemd[2945]: INFO listening on port 8082
2026-09-24 14:52:58 api-03 cron[489]: INFO POST /api/v1/orders 201 87ms
2026-09-11 04:24:03 api-03 nginx[8297]: INFO listening on port 8078
2026-09-08 13:35:04 web-01 systemd[8789]: INFO health check ok
2026-09-02 19:25:21 web-02 nginx[1129]: INFO POST /api/v1/orders 201 36ms
2026-09-19 02:01:49 db-01 sshd[5332]: INFO job 72 finished in 80s
2026-09-02 18:16:13 api-03 postgres[409]: INFO scheduled task 82 queued
2026-09-23 03:05:29 db-01 postgres[3912]: INFO listening on port 8078
2026-09-09 13:24:06 cache-02 sshd[493]: INFO GET /static/app.js 304 57ms
2026-09-04 05:33:34 web-02 systemd[2490]: INFO session opened for user student
2026-09-02 08:24:33 worker-05 systemd[7262]: ERROR upstream timed out (110)
2026-09-06 18:59:03 worker-05 worker[8608]: INFO scheduled task 82 queued
2026-09-24 18:21:17 db-01 redis[8417]: WARN slow query (37ms): SELECT * FROM orders
2026-09-07 15:35:03 worker-05 cron[3516]: WARN queue depth 10
2026-09-05 20:40:34 cache-02 redis[7922]: INFO POST /api/v1/orders 201 42ms
2026-09-22 12:45:51 web-02 postgres[685]: INFO POST /api/v1/orders 201 88ms
2026-09-13 22:16:15 edge-07 redis[5647]: INFO reloaded configuration
2026-09-12 13:46:48 web-01 sshd[3547]: INFO rotating log, 4 MB written
2026-09-18 05:25:43 web-01 redis[2743]: INFO listening on port 806
2026-09-15 13:05:16 worker-05 systemd[8488]: INFO GET /api/v1/users 200 69ms
2026-09-08 16:56:07 api-03 redis[565]: INFO connection accepted from 10.0.13.80
2026-09-23 02:48:51 edge-07 nginx[9974]: INFO GET /static/app.js 304 94ms
2026-09-16 10:48:49 edge-07 sshd[227]: INFO connection accepted from 10.0.52.88
2026-09-14 17:06:08 db-01 cron[8647]: WARN slow query (88ms): SELECT * FROM orders
2026-09-22 23:55:44 web-01 app[7951]: INFO listening on port 8064
2026-09-24 01:44:32 edge-07 nginx[9267]: INFO GET /api/v1/users 200 6ms
2026-09-17 13:18:57 edge-07 sshd[8255]: INFO scheduled task 24 queued
2026-09-23 03:03:39 web-02 nginx[7155]: ERROR connection refused to db-01:5432
2026-09-02 15:00:42 cache-02 nginx[7958]: INFO GET /static/app.js 304 11ms
2026-09-07 01:28:01 web-01 redis[7749]: INFO GET /static/app.js 304 82ms
2026-09-13 22:44:21 web-01 systemd[7078]: INFO listening on port 8039
2026-09-06 05:50:56 web-02 worker[5198]: INFO rotating log, 73 MB written
2026-09-18 22:26:38 cache-02 postgres[2725]: INFO reloaded configuration
2026-09-02 08:27:36 cache-02 systemd[2555]: INFO reloaded configuration
2026-09-04 03:00:57 web-01 redis[950]: WARN slow query (8ms): SELECT * FROM orders
2026-09-26 06:04:09 web-02 cron[8589]: INFO cache hit ratio 26%
2026-09-23 21:27:29 api-03 sshd[3931]: INFO job 74 finished in 16s
2026-09-09 00:12:01 cache-02 postgres[652]: WARN GET /api/v1/report 429 rate limited
2026-09-17 13:11:04 edge-07 worker[1278]: WARN worker 16 restarted
2026-09-01 22:00:33 api-03 redis[9300]: WARN clock skew 12ms detected
2026-09-06 23:35:41 api-03 redis[7723]: INFO POST /api/v1/orders 201 96ms
2026-09-05 17:56:15 web-01 cron[6459]: INFO POST /api/v1/orders 201 70ms
2026-09-14 15:13:23 edge-07 postgres[7244]: WARN clock skew 78ms detected
2026-09-03 23:45:17 web-01 worker[4019]: INFO health check ok
2026-09-12 16:14:37 db-01 worker[7746]: INFO GET /api/v1/users 200 92ms
2026-09-09 02:31:32 api-03 cron[4954]: INFO health check ok
2026-09-26 21:39:12 worker-05 app[4132]: INFO cache hit ratio 43%
2026-09-15 13:40:33 api-03 sshd[7460]: INFO rotating log, 85 MB written
2026-09-10 20:02:31 edge-07 redis[5065]: INFO listening on port 8050
2026-09-04 12:47:56 web-01 systemd[419]: INFO connection accepted from 10.0.12.20
2026-09-07 07:35:04 cache-02 cron[4593]: ERROR TLS handshake failed with 10.0.69.28
2026-09-09 23:23:52 web-02 app[7244]: ERROR permission denied: /var/data/52.bin
2026-09-01 06:38:43 cache-02 postgres[2507]: INFO POST /api/v1/orders 201 60ms
2026-09-23 23:00:05 web-02 nginx[8446]: INFO GET /api/v1/users 200 27ms
2026-09-06 18:57:05 api-03 sshd[3058]: INFO rotating log, 57 MB written
2026-09-28 05:17:54 web-02 postgres[2066]: INFO GET /api/v1/users 200 94ms
2026-09-02 03:54:33 db-01 worker[9118]: INFO POST /api/v1/orders 201 38ms
2026-09-05 02:19:04 web-01 systemd[4423]: INFO POST /api/v1/orders 201 39ms
2026-09-27 00:15:57 api-03 sshd[2337]: INFO health check ok
2026-09-03 04:58:06 db-01 systemd[2049]: ERROR TLS handshake failed with 10.0.12.59
2026-09-26 11:12:51 web-01 worker[4372]: INFO cache hit ratio 37%
2026-09-28 07:24:58 worker-05 worker[2518]: INFO scheduled task 9 queued
2026-09-23 17:33:00 edge-07 sshd[6858]: INFO scheduled task 39 queued
2026-09-28 07:20:26 cache-02 worker[9651]: INFO POST /api/v1/orders 201 68ms
2026-09-26 22:18:38 web-02 nginx[4306]: INFO scheduled task 76 queued
2026-09-25 02:08:32 cache-02 app[7191]: INFO rotating log, 40 MB written
2026-09-26 07:49:11 db-01 systemd[5304]: INFO connection accepted from 10.0.71.89
2026-09-27 17:26:56 cache-02 redis[262]: INFO reloaded configuration
2026-09-18 00:51:23 api-03 sshd[9696]: INFO GET /static/app.js 304 60ms
2026-09-08 15:23:10 web-01 cron[7564]: INFO health check ok
2026-09-03 04:22:37 web-02 redis[7251]: INFO cache hit ratio 37%
2026-09-12 22:00:04 web-01 app[9025]: INFO listening on port 8057
2026-09-13 14:04:33 web-01 sshd[9584]: ERROR connection refused to db-01:5432
2026-09-06 01:00:58 cache-02 redis[3234]: INFO cache hit ratio 62%
2026-09-09 03:05:15 db-01 sshd[6979]: INFO session opened for user student
2026-09-05 12:11:17 api-03 postgres[2594]: WARN worker 46 restarted
2026-09-03 10:39:12 db-01 systemd[114]: INFO reloaded configuration
2026-09-18 03:41:57 web-01 postgres[5889]: INFO health check ok
2026-09-05 05:42:38 cache-02 worker[6036]: ERROR connection refused to db-01:5432
2026-09-08 05:46:09 worker-05 worker[8505]: INFO job 18 finished in 86s
2026-09-10 05:59:20 edge-07 nginx[568]: INFO rotating log, 25 MB written
2026-09-02 07:23:37 edge-07 systemd[198]: INFO session opened for user student
2026-09-11 14:39:04 edge-07 redis[4638]: INFO rotating log, 42 MB written
2026-09-25 18:53:28 api-03 nginx[7081]: INFO GET /api/v1/users 200 69ms
2026-09-22 00:48:29 db-01 app[3041]: INFO health check ok
2026-09-24 21:16:18 web-02 systemd[5080]: ERROR upstream timed out (110)
2026-09-20 13:49:39 db-01 app[8233]: WARN GET /api/v1/report 429 rate limited
2026-09-01 04:35:05 edge-07 nginx[9907]: INFO POST /api/v1/orders 201 26ms
2026-09-02 00:43:15 web-01 worker[7850]: INFO listening on port 8095
2026-09-10 12:57:40 cache-02 worker[8706]: INFO connection accepted from 10.0.74.73
2026-09-19 16:47:17 worker-05 app[9696]: INFO cache hit ratio 71%
2026-09-11 12:28:52 edge-07 redis[7729]: INFO POST /api/v1/orders 201 68ms
2026-09-15 06:00:14 cache-02 redis[9378]: INFO scheduled task 15 queued
2026-09-18 15:25:26 worker-05 app[4081]: INFO reloaded configuration
2026-09-16 15:35:16 db-01 redis[505]: INFO connection accepted from 10.0.81.41
2026-09-04 18:58:01 web-01 worker[3223]: INFO GET /static/app.js 304 95ms
2026-09-18 23:48:05 edge-07 redis[878]: INFO session opened for user student
2026-09-03 18:58:19 worker-05 nginx[944]: INFO job 61 finished in 6s
2026-09-21 21:24:48 db-01 worker[4611]: INFO listening on port 805
2026-09-14 12:10:03 web-01 redis[879]: INFO rotating log, 34 MB written
2026-09-04 02:41:49 web-02 worker[4168]: INFO GET /static/app.js 304 77ms
2026-09-19 11:18:35 worker-05 cron[7506]: INFO POST /api/v1/orders 201 20ms
2026-09-16 02:40:30 worker-05 postgres[4989]: INFO job 75 finished in 79s
2026-09-24 04:59:26 worker-05 systemd[7049]: INFO scheduled task 56 queued
2026-09-04 06:49:42 worker-05 redis[4480]: INFO connection accepted from 10.0.49.43
2026-09-17 14:57:28 edge-07 redis[1681]: WARN slow query (2ms): SELECT * FROM orders
2026-09-01 09:39:09 worker-05 postgres[4255]: INFO reloaded configuration
2026-09-14 21:16:09 worker-05 redis[3570]: INFO cache hit ratio 12%
2026-09-12 16:24:05 web-02 postgres[9944]: INFO GET /api/v1/users 200 23ms
2026-09-18 17:46:17 edge-07 app[9676]: WARN slow query (83ms): SELECT * FROM orders
2026-09-15 22:54:27 cache-02 nginx[2146]: INFO GET /static/app.js 304 76ms
2026-09-06 17:47:21 edge-07 postgres[6404]: INFO rotating log, 43 MB written
2026-09-04 00:01:16 cache-02 redis[1605]: INFO connection accepted from 10.0.35.26
2026-09-08 00:00:37 web-01 sshd[3701]: WARN queue depth 54
2026-09-23 21:57:14 worker-05 postgres[762]: INFO connection accepted from 10.0.79.46
2026-09-03 15:34:22 web-02 redis[2002]: INFO connection accepted from 10.0.49.45
2026-09-17 16:29:47 db-01 postgres[8691]: INFO reloaded configuration
2026-09-02 22:17:29 cache-02 app[4831]: ERROR cannot open /etc/app/61.conf
2026-09-27 15:16:31 api-03 redis[5146]: INFO cache hit ratio 55%
2026-09-22 16:22:39 web-02 worker[7976]: WARN retrying job 28 (16/3)
2026-09-18 20:54:54 web-01 app[6849]: INFO listening on port 8030
2026-09-09 08:26:35 web-01 redis[8366]: INFO POST /api/v1/orders 201 97ms
2026-09-09 19:02:33 web-01 sshd[3967]: WARN retrying job 53 (13/3)
2026-09-07 01:23:42 api-03 systemd[5731]: INFO GET /api/v1/users 200 87ms
2026-09-16 23:43:18 web-02 postgres[5589]: INFO GET /api/v1/users 200 12ms
2026-09-06 12:08:38 cache-02 postgres[9636]: INFO health check ok
2026-09-28 14:55:40 api-03 postgres[5263]: INFO GET /api/v1/users 200 21ms
2026-09-05 15:41:58 db-01 postgres[5574]: INFO job 22 finished in 21s
2026-09-16 02:44:11 api-03 systemd[3517]: WARN GET /api/v1/report 429 rate limited
2026-09-25 08:21:16 web-01 postgres[3733]: INFO rotating log, 19 MB written
2026-09-04 05:16:05 edge-07 redis[8698]: WARN disk usage at 3%
2026-09-18 15:30:29 web-02 postgres[2469]: INFO cache hit ratio 24%
2026-09-09 13:31:28 cache-02 redis[8359]: INFO job 19 finished in 55s
2026-09-27 10:14:46 worker-05 app[6889]: INFO session opened for user student
2026-09-23 18:29:20 worker-05 systemd[2543]: WARN worker 65 restarted
2026-09-22 04:09:17 edge-07 postgres[7172]: INFO job 97 finished in 94s
2026-09-19 01:55:40 web-02 systemd[5406]: INFO connection accepted from 10.0.73.95
2026-09-18 10:17:01 db-01 redis[1536]: INFO POST /api/v1/orders 201 40ms
2026-09-09 01:41:21 worker-05 app[8941]: INFO cache hit ratio 67%
2026-09-18 20:32:23 api-03 cron[287]: INFO GET /api/v1/users 200 20ms
2026-09-28 10:47:37 db-01 app[7761]: WARN disk usage at 90%
2026-09-06 00:53:40 api-03 postgres[3373]: INFO reloaded configuration
2026-09-16 22:42:01 db-01 nginx[8035]: INFO connection accepted from 10.0.92.52
2026-09-23 10:57:41 edge-07 worker[6762]: WARN certificate expires in 75 days
2026-09-19 14:32:56 worker-05 postgres[6852]: INFO health check ok
2026-09-21 00:06:36 api-03 worker[9294]: INFO GET /static/app.js 304 81ms
2026-09-08 23:31:05 worker-05 app[3791]: INFO listening on port 8029
2026-09-25 17:58:42 db-01 app[924]: INFO GET /api/v1/users 200 90ms
2026-09-21 07:13:03 worker-05 cron[4197]: INFO health check ok
2026-09-15 19:51:24 web-02 redis[4876]: INFO reloaded configuration
2026-09-14 18:39:59 cache-02 redis[6825]: INFO reloaded configuration
2026-09-23 08:44:26 cache-02 redis[768]: INFO scheduled task 9 queued
2026-09-13 08:57:31 web-02 systemd[4077]: INFO GET /api/v1/users 200 50ms
2026-09-10 14:44:13 cache-02 redis[9085]: INFO GET /api/v1/users 200 34ms
2026-09-22 05:47:54 edge-07 app[7743]: INFO session opened for user student
2026-09-28 12:39:05 db-01 cron[9867]: INFO scheduled task 8 queued
2026-09-14 09:54:32 db-01 nginx[5412]: INFO job 89 finished in 81s
2026-09-26 13:26:20 worker-05 nginx[7901]: ERROR permission denied: /var/data/78.bin
2026-09-17 10:54:26 edge-07 postgres[8611]: INFO job 69 finished in 89s
2026-09-27 14:32:53 web-01 systemd[1080]: INFO POST /api/v1/orders 201 11ms
2026-09-28 16:54:43 web-01 nginx[8193]: INFO listening on port 8038
2026-09-12 18:25:10 api-03 redis[4837]: INFO job 5 finished in 48s
2026-09-06 13:12:53 db-01 systemd[6303]: INFO health check ok
2026-09-27 12:46:10 cache-02 cron[9178]: INFO session opened for user student
2026-09-07 14:15:04 api-03 sshd[2529]: ERROR upstream timed out (110)
2026-09-05 09:18:17 api-03 app[1430]: WARN slow query (67ms): SELECT * FROM orders
2026-09-17 23:01:44 cache-02 postgres[1033]: INFO health check ok
2026-09-25 11:53:05 web-02 worker[1565]: INFO GET /static/app.js 304 62ms
2026-09-11 22:10:46 api-03 app[4332]: INFO job 11 finished in 38s
2026-09-15 05:51:49 cache-02 cron[2055]: ERROR segfault in worker 73
2026-09-24 15:19:04 cache-02 redis[7454]: INFO POST /api/v1/orders 201 29ms
2026-09-14 22:13:36 worker-05 cron[8153]: INFO rotating log, 41 MB written
2026-09-26 00:54:00 cache-02 systemd[6025]: WARN certificate expires in 57 days
2026-09-07 14:56:28 cache-02 systemd[7648]: WARN certificate expires in 24 days
2026-09-03 17:59:32 worker-05 systemd[6635]: ERROR permission denied: /var/data/63.bin
2026-09-10 13:43:39 worker-05 nginx[156]: ERROR cannot open /etc/app/58.conf
2026-09-08 05:10:11 web-02 redis[1999]: INFO GET /api/v1/users 200 43ms
2026-09-10 05:47:34 cache-02 sshd[3107]: INFO rotating log, 59 MB written
2026-09-23 07:32:53 worker-05 app[5259]: INFO session opened for user student
2026-09-04 03:04:01 db-01 postgres[4103]: INFO listening on port 8069
2026-09-07 23:13:35 edge-07 cron[129]: INFO listening on port 8016
2026-09-10 02:02:59 api-03 systemd[3229]: WARN queue depth 10
2026-09-18 22:50:26 edge-07 cron[679]: WARN queue depth 62
2026-09-06 10:36:35 db-01 nginx[3522]: INFO GET /api/v1/users 200 61ms
2026-09-27 15:24:47 web-01 cron[4524]: INFO session opened for user student
2026-09-20 23:34:16 db-01 app[6210]: INFO rotating log, 97 MB written
2026-09-18 13:55:51 edge-07 worker[3037]: INFO connection accepted from 10.0.48.46
2026-09-12 03:27:30 api-03 sshd[2965]: INFO scheduled task 46 queued
2026-09-15 11:30:56 edge-07 redis[2328]: INFO GET /static/app.js 304 50ms
2026-09-06 01:06:47 web-02 cron[3029]: INFO listening on port 8065
2026-09-19 09:38:03 db-01 worker[6226]: ERROR connection refused to db-01:5432
2026-09-22 07:50:04 api-03 nginx[6055]: INFO connection accepted from 10.0.18.93
2026-09-01 00:02:07 api-03 cron[7086]: INFO GET /static/app.js 304 3ms
2026-09-01 01:16:14 api-03 postgres[7909]: INFO POST /api/v1/orders 201 19ms
2026-09-27 03:56:40 web-02 redis[5562]: INFO cache hit ratio 34%
2026-09-28 14:04:18 web-02 postgres[3277]: INFO GET /api/v1/users 200 38ms
2026-09-05 07:10:38 worker-05 systemd[1967]: INFO session opened for user student
2026-09-05 14:23:50 cache-02 sshd[7213]: INFO reloaded configuration
2026-09-20 00:24:19 api-03 redis[2508]: INFO session opened for user student
2026-09-14 17:31:34 db-01 nginx[5666]: INFO health check ok
2026-09-09 20:56:23 db-01 nginx[6611]: WARN disk usage at 65%
2026-09-16 21:20:06 db-01 cron[6633]: INFO GET /static/app.js 304 14ms
2026-09-23 09:52:28 web-01 systemd[6313]: ERROR GET /api/v1/users 500 15ms
2026-09-27 14:42:20 db-01 nginx[1159]: WARN worker 2 restarted
2026-09-19 11:57:53 web-02 nginx[8226]: WARN clock skew 8ms detected
2026-09-22 01:49:25 web-01 worker[8506]: INFO GET /api/v1/users 200 88ms
2026-09-09 06:28:12 cache-02 cron[1776]: INFO GET /api/v1/users 200 19ms
2026-09-18 01:00:55 web-01 app[3516]: WARN queue depth 67
2026-09-15 01:40:12 web-02 redis[2706]: ERROR disk full on /var/log
2026-09-28 12:04:57 api-03 nginx[4357]: INFO cache hit ratio 75%
2026-09-22 03:44:40 worker-05 nginx[1979]: ERROR out of memory in worker 68
2026-09-03 03:57:31 edge-07 worker[7651]: INFO GET /static/app.js 304 95ms
2026-09-07 20:09:40 api-03 cron[7999]: INFO scheduled task 26 queued
2026-09-09 08:14:06 api-03 sshd[1048]: INFO GET /static/app.js 304 19ms
2026-09-02 22:11:47 db-01 redis[7558]: INFO cache hit ratio 89%
2026-09-05 03:47:32 edge-07 cron[2178]: INFO listening on port 8028
2026-09-12 15:40:13 db-01 sshd[2892]: INFO listening on port 8013
2026-09-24 17:53:05 api-03 sshd[341]: INFO job 37 finished in 16s
2026-09-04 09:37:07 api-03 sshd[8864]: INFO rotating log, 58 MB written
2026-09-01 21:41:06 api-03 systemd[2246]: INFO GET /api/v1/users 200 41ms
2026-09-11 14:38:43 db-01 systemd[2079]: WARN queue depth 87
2026-09-21 21:10:46 web-01 cron[2593]: INFO GET /api/v1/users 200 13ms
2026-09-13 01:13:37 web-02 nginx[5743]: ERROR cannot open /etc/app/72.conf
2026-09-16 20:25:35 db-01 nginx[7945]: INFO GET /static/app.js 304 53ms
2026-09-28 23:42:36 worker-05 app[7564]: INFO GET /static/app.js 304 18ms
2026-09-08 13:32:34 db-01 systemd[9386]: INFO reloaded configuration
2026-09-09 12:55:05 worker-05 sshd[6904]: ERROR upstream timed out (110)
2026-09-25 04:07:01 worker-05 app[5447]: INFO cache hit ratio 46%
2026-09-06 05:19:13 web-01 cron[2287]: INFO connection accepted from 10.0.82.46
2026-09-23 20:26:30 web-01 app[7047]: INFO cache hit ratio 40%
2026-09-02 13:23:37 db-01 worker[8957]: WARN GET /api/v1/report 429 rate limited
2026-09-12 00:24:30 db-01 nginx[9889]: ERROR permission denied: /var/data/76.bin
2026-09-15 15:15:47 api-03 worker[8837]: INFO rotating log, 94 MB written
2026-09-13 23:46:09 worker-05 cron[4266]: INFO scheduled task 62 queued
2026-09-13 12:18:41 cache-02 nginx[9357]: INFO GET /static/app.js 304 58ms
2026-09-26 11:46:46 api-03 postgres[4956]: INFO health check ok
2026-09-01 14:00:53 worker-05 worker[1549]: INFO POST /api/v1/orders 201 54ms
2026-09-22 13:40:47 web-02 app[9975]: WARN disk usage at 37%
2026-09-24 05:31:22 db-01 worker[5038]: INFO health check ok
2026-09-25 03:39:37 edge-07 sshd[4595]: INFO session opened for user student
2026-09-22 21:24:56 edge-07 redis[4622]: INFO GET /api/v1/users 200 26ms
2026-09-09 09:51:45 db-01 app[4959]: ERROR GET /api/v1/users 500 43ms
2026-09-21 10:54:20 db-01 sshd[9190]: ERROR GET /api/v1/users 500 40ms
2026-09-08 06:24:24 cache-02 postgres[6982]: INFO session opened for user student
2026-09-25 12:57:48 db-01 systemd[2430]: WARN worker 54 restarted
2026-09-20 17:48:54 web-01 postgres[3707]: INFO scheduled task 32 queued
2026-09-06 19:40:30 web-02 app[8455]: INFO GET /api/v1/users 200 85ms
2026-09-21 09:47:10 api-03 postgres[8468]: INFO job 29 finished in 84s
2026-09-28 03:53:04 web-01 postgres[4186]: INFO health check ok
2026-09-22 11:23:05 web-02 app[7424]: INFO reloaded configuration
2026-09-19 03:07:08 cache-02 app[2220]: INFO session opened for user student
2026-09-04 22:55:46 worker-05 postgres[2020]: INFO POST /api/v1/orders 201 74ms
2026-09-12 22:04:00 worker-05 nginx[8250]: INFO session opened for user student
2026-09-08 19:27:11 cache-02 systemd[6065]: INFO POST /api/v1/orders 201 27ms
2026-09-18 17:15:04 worker-05 systemd[1825]: INFO rotating log, 97 MB written
2026-09-24 15:04:59 db-01 nginx[5264]: WARN queue depth 10
2026-09-02 00:38:14 worker-05 postgres[7605]: INFO listening on port 8014
2026-09-08 00:51:19 edge-07 postgres[2109]: INFO session opened for user student
2026-09-03 06:53:04 api-03 redis[194]: INFO connection accepted from 10.0.45.4
2026-09-15 23:34:11 edge-07 systemd[782]: INFO job 20 finished in 28s
2026-09-12 16:21:23 cache-02 postgres[5147]: INFO scheduled task 97 queued
2026-09-05 02:40:14 api-03 cron[4627]: INFO connection accepted from 10.0.37.26
2026-09-21 20:26:35 api-03 app[1462]: INFO session opened for user student
2026-09-10 14:30:16 web-02 cron[7051]: INFO job 89 finished in 69s
2026-09-11 11:47:01 db-01 cron[2639]: INFO POST /api/v1/orders 201 12ms
2026-09-25 17:28:24 cache-02 cron[1789]: ERROR disk full on /var/log
2026-09-06 00:22:28 cache-02 sshd[9948]: INFO POST /api/v1/orders 201 90ms
2026-09-17 20:02:12 edge-07 sshd[6892]: INFO job 4 finished in 15s
2026-09-03 18:18:26 api-03 postgres[684]: ERROR GET /api/v1/users 500 96ms
2026-09-19 05:29:47 db-01 worker[3808]: INFO session opened for user student
2026-09-25 16:30:36 cache-02 worker[1062]: INFO health check ok
2026-09-14 20:54:58 web-01 postgres[3801]: INFO connection accepted from 10.0.49.11
2026-09-23 22:11:23 db-01 systemd[7875]: INFO scheduled task 6 queued
2026-09-08 05:59:13 api-03 nginx[5075]: ERROR upstream timed out (110)
2026-09-07 11:47:54 api-03 app[2127]: INFO job 87 finished in 52s
2026-09-09 20:32:13 api-03 redis[239]: INFO job 55 finished in 55s
2026-09-24 01:34:04 worker-05 nginx[6557]: INFO reloaded configuration
2026-09-08 05:13:27 worker-05 cron[245]: INFO connection accepted from 10.0.76.75
2026-09-23 07:16:25 worker-05 worker[6850]: INFO POST /api/v1/orders 201 89ms
2026-09-09 01:09:26 db-01 sshd[6525]: INFO scheduled task 95 queued
2026-09-23 19:51:27 db-01 worker[7198]: INFO GET /api/v1/users 200 34ms
2026-09-09 18:02:26 web-02 nginx[6018]: INFO listening on port 8021
2026-09-07 17:00:49 cache-02 postgres[6229]: INFO scheduled task 14 queued
2026-09-19 11:56:44 worker-05 cron[5525]: INFO job 84 finished in 39s
2026-09-22 08:40:22 cache-02 cron[5933]: WARN disk usage at 16%
2026-09-17 15:01:30 api-03 nginx[9269]: INFO GET /static/app.js 304 79ms
2026-09-03 19:11:40 web-01 app[3619]: INFO cache hit ratio 84%
2026-09-19 21:15:53 web-01 postgres[3958]: INFO connection accepted from 10.0.16.16
2026-09-20 10:42:00 cache-02 postgres[5232]: INFO GET /static/app.js 304 27ms
2026-09-16 16:29:58 worker-05 postgres[5911]: INFO POST /api/v1/orders 201 54ms
2026-09-15 07:30:33 web-01 worker[6366]: ERROR TLS handshake failed with 10.0.72.97
2026-09-17 23:07:55 db-01 postgres[7951]: INFO cache hit ratio 96%
2026-09-12 17:03:14 cache-02 redis[2207]: WARN GET /api/v1/report 429 rate limited
2026-09-18 03:13:47 cache-02 app[4470]: INFO GET /static/app.js 304 42ms
2026-09-14 23:36:54 worker-05 cron[6021]: ERROR segfault in worker 25
2026-09-06 02:48:51 cache-02 worker[6493]: WARN worker 27 restarted
2026-09-19 13:24:51 worker-05 redis[5257]: INFO listening on port 8085
2026-09-09 11:25:49 cache-02 nginx[4043]: INFO scheduled task 70 queued
2026-09-22 16:05:02 web-02 worker[2482]: INFO listening on port 8020
2026-09-02 19:34:21 db-01 cron[5857]: INFO POST /api/v1/orders 201 17ms
2026-09-17 21:49:03 edge-07 systemd[7977]: WARN disk usage at 86%
2026-09-01 21:25:53 cache-02 sshd[8454]: INFO connection accepted from 10.0.76.54
2026-09-14 21:40:15 worker-05 postgres[9868]: INFO POST /api/v1/orders 201 94ms
2026-09-17 07:51:51 worker-05 cron[7338]: INFO rotating log, 43 MB written
2026-09-27 17:14:04 web-02 postgres[7994]: INFO GET /static/app.js 304 16ms
2026-09-17 17:16:59 worker-05 app[8712]: INFO GET /static/app.js 304 5ms
2026-09-27 19:37:58 web-01 worker[8018]: INFO POST /api/v1/orders 201 15ms
2026-09-12 08:51:38 db-01 worker[8951]: INFO scheduled task 22 queued
2026-09-19 22:28:40 edge-07 cron[4351]: INFO GET /api/v1/users 200 30ms
2026-09-16 11:44:15 web-01 nginx[8375]: INFO cache hit ratio 69%
2026-09-09 18:05:28 edge-07 worker[7715]: INFO reloaded configuration
2026-09-12 01:46:01 web-02 sshd[8309]: INFO GET /static/app.js 304 52ms
2026-09-06 08:21:11 edge-07 postgres[7600]: WARN clock skew 48ms detected
2026-09-22 00:29:28 web-02 cron[7943]: INFO POST /api/v1/orders 201 74ms
2026-09-19 23:04:37 cache-02 app[4540]: INFO reloaded configuration
2026-09-15 19:47:07 edge-07 app[8322]: INFO cache hit ratio 75%
2026-09-27 06:52:36 db-01 worker[3792]: INFO GET /static/app.js 304 60ms
2026-09-06 06:49:54 api-03 nginx[8246]: INFO connection accepted from 10.0.18.23
2026-09-17 03:28:45 web-02 systemd[1891]: WARN retrying job 4 (46/3)
2026-09-07 04:13:14 web-02 worker[7559]: INFO health check ok
2026-09-07 08:15:14 edge-07 sshd[5640]: ERROR out of memory in worker 11
2026-09-15 18:45:05 web-02 sshd[2348]: INFO health check ok
2026-09-18 05:52:04 web-01 app[8991]: INFO cache hit ratio 47%
2026-09-19 13:18:34 edge-07 systemd[7222]: INFO GET /api/v1/users 200 94ms
2026-09-16 18:23:43 worker-05 worker[7609]: INFO GET /api/v1/users 200 22ms
2026-09-18 16:50:15 edge-07 sshd[6119]: INFO health check ok
2026-09-26 11:56:38 web-01 app[1981]: ERROR cannot open /etc/app/14.conf
2026-09-03 12:41:11 api-03 postgres[4883]: INFO reloaded configuration
2026-09-01 03:18:11 edge-07 postgres[4985]: INFO GET /static/app.js 304 68ms
2026-09-22 18:02:31 web-02 nginx[8656]: INFO GET /api/v1/users 200 86ms
2026-09-21 18:37:06 web-02 cron[6598]: INFO reloaded configuration
2026-09-07 19:20:01 api-03 app[3776]: INFO session opened for user student
2026-09-05 00:59:41 db-01 worker[2051]: INFO reloaded configuration
2026-09-18 15:34:32 api-03 sshd[3743]: INFO POST /api/v1/orders 201 42ms
2026-09-03 12:49:55 edge-07 cron[8246]: INFO scheduled task 73 queued
2026-09-10 16:17:23 web-01 cron[4559]: INFO cache hit ratio 7%
2026-09-19 21:15:23 web-02 sshd[2158]: INFO session opened for user student
2026-09-06 17:07:54 worker-05 sshd[9517]: INFO GET /static/app.js 304 65ms
2026-09-18 14:44:04 db-01 app[2204]: INFO rotating log, 73 MB written
2026-09-24 22:57:15 web-01 worker[6368]: INFO connection accepted from 10.0.92.81
2026-09-13 07:24:41 edge-07 sshd[7912]: INFO reloaded configuration
2026-09-15 04:28:13 cache-02 worker[2981]: INFO reloaded configuration
2026-09-15 10:50:51 web-01 systemd[7641]: WARN certificate expires in 86 days
2026-09-15 22:52:57 cache-02 worker[5938]: INFO cache hit ratio 85%
2026-09-12 17:33:47 db-01 sshd[2576]: INFO POST /api/v1/orders 201 25ms
2026-09-26 21:54:28 cache-02 nginx[3655]: WARN GET /api/v1/report 429 rate limited
2026-09-03 08:47:15 db-01 postgres[2774]: INFO GET /static/app.js 304 41ms
2026-09-06 16:27:56 edge-07 sshd[327]: ERROR GET /api/v1/users 500 57ms
2026-09-25 06:25:17 edge-07 nginx[5679]: INFO GET /static/app.js 304 33ms
2026-09-16 14:19:31 cache-02 postgres[5408]: INFO cache hit ratio 69%
2026-09-16 23:48:08 worker-05 sshd[4851]: INFO reloaded configuration
2026-09-12 07:27:39 cache-02 systemd[7068]: INFO cache hit ratio 41%
2026-09-19 20:03:36 web-01 cron[5618]: INFO job 71 finished in 30s
2026-09-15 04:07:01 web-01 postgres[6362]: INFO reloaded configuration
2026-09-21 03:15:20 worker-05 postgres[8490]: INFO session opened for user student
2026-09-24 00:18:56 web-01 cron[9378]: INFO scheduled task 36 queued
2026-09-02 22:59:44 web-01 postgres[8665]: INFO POST /api/v1/orders 201 81ms
2026-09-04 15:32:30 cache-02 nginx[6283]: INFO rotating log, 28 MB written
2026-09-16 06:57:28 cache-02 cron[2053]: WARN certificate expires in 30 days
2026-09-06 22:23:57 web-01 app[209]: INFO POST /api/v1/orders 201 17ms
2026-09-20 20:52:11 cache-02 systemd[3654]: INFO rotating log, 73 MB written
2026-09-20 08:37:26 api-03 postgres[3074]: WARN retrying job 45 (73/3)
2026-09-08 04:51:52 cache-02 nginx[5725]: INFO listening on port 8048
2026-09-12 02:57:50 api-03 sshd[6270]: INFO connection accepted from 10.0.3.76
2026-09-14 04:04:44 cache-02 systemd[6752]: INFO cache hit ratio 77%
2026-09-24 04:37:28 worker-05 sshd[9907]: INFO GET /api/v1/users 200 74ms
2026-09-27 07:03:08 worker-05 nginx[4466]: INFO listening on port 8076
2026-09-16 04:43:24 cache-02 sshd[2782]: INFO GET /api/v1/users 200 19ms
2026-09-27 18:15:31 web-01 worker[3648]: ERROR permission denied: /var/data/17.bin
2026-09-04 18:25:12 api-03 cron[7230]: INFO rotating log, 47 MB written
2026-09-14 14:19:17 edge-07 systemd[4270]: WARN certificate expires in 93 days
2026-09-12 09:59:02 cache-02 redis[526]: INFO listening on port 804
2026-09-27 16:30:12 api-03 cron[3987]: INFO job 55 finished in 72s
2026-09-10 22:32:18 db-01 nginx[2228]: INFO GET /api/v1/users 200 96ms
2026-09-09 04:28:12 db-01 nginx[9278]: INFO health check ok
2026-09-09 16:39:54 web-01 redis[7533]: INFO reloaded configuration
2026-09-09 05:55:03 api-03 worker[3144]: INFO GET /static/app.js 304 65ms
2026-09-12 01:48:02 edge-07 app[8029]: INFO health check ok
2026-09-23 12:52:20 worker-05 worker[3697]: WARN disk usage at 62%
2026-09-10 14:31:19 web-02 nginx[1729]: INFO scheduled task 72 queued
2026-09-17 23:00:44 web-01 cron[7196]: WARN slow query (63ms): SELECT * FROM orders
2026-09-20 10:12:37 worker-05 cron[9037]: INFO cache hit ratio 22%
2026-09-16 12:39:02 cache-02 worker[7138]: INFO GET /static/app.js 304 55ms
2026-09-20 01:08:09 worker-05 systemd[1582]: INFO reloaded configuration
2026-09-08 17:12:47 web-01 app[4280]: WARN certificate expires in 64 days
2026-09-03 22:30:57 db-01 systemd[6709]: WARN certificate expires in 28 days
2026-09-23 05:38:44 cache-02 sshd[4332]: INFO GET /static/app.js 304 62ms
2026-09-10 05:32:50 edge-07 systemd[7169]: INFO listening on port 8094
2026-09-16 12:31:28 api-03 nginx[6704]: WARN GET /api/v1/report 429 rate limited
2026-09-23 00:01:22 edge-07 nginx[9671]: INFO scheduled task 67 queued
2026-09-05 08:09:59 cache-02 postgres[9004]: INFO cache hit ratio 22%
2026-09-11 06:44:00 web-01 postgres[6391]: INFO GET /static/app.js 304 42ms
2026-09-13 08:41:48 cache-02 systemd[2184]: INFO rotating log, 7 MB written
2026-09-02 22:56:45 worker-05 app[9139]: INFO POST /api/v1/orders 201 54ms
2026-09-03 02:05:19 cache-02 sshd[2713]: INFO connection accepted from 10.0.7.75
2026-09-03 15:04:04 web-02 postgres[5601]: INFO connection accepted from 10.0.25.12
2026-09-25 02:22:32 web-02 cron[135]: INFO POST /api/v1/orders 201 77ms
2026-09-02 15:37:05 worker-05 systemd[8912]: INFO job 21 finished in 78s
2026-09-05 08:30:22 db-01 redis[7375]: INFO reloaded configuration
2026-09-02 04:27:17 api-03 redis[9579]: ERROR upstream timed out (110)
2026-09-24 15:32:32 cache-02 app[3506]: WARN clock skew 48ms detected
2026-09-03 12:23:15 edge-07 worker[7254]: INFO reloaded configuration
2026-09-28 08:01:13 edge-07 postgres[1295]: INFO connection accepted from 10.0.62.24
2026-09-09 09:09:55 api-03 systemd[5241]: INFO health check ok
2026-09-02 06:10:57 web-01 redis[4467]: INFO session opened for user student
2026-09-18 23:32:26 api-03 app[8147]: INFO listening on port 8034
2026-09-06 07:14:43 db-01 nginx[387]: INFO GET /api/v1/users 200 34ms
2026-09-07 14:06:48 cache-02 systemd[3747]: ERROR disk full on /var/log
2026-09-13 19:33:51 cache-02 nginx[5497]: INFO listening on port 8042
2026-09-23 20:26:46 worker-05 app[2976]: INFO POST /api/v1/orders 201 10ms
2026-09-07 06:41:20 edge-07 redis[4873]: INFO listening on port 8039
2026-09-20 00:25:47 web-01 sshd[4646]: INFO GET /static/app.js 304 44ms
2026-09-04 06:16:04 cache-02 postgres[5358]: INFO GET /api/v1/users 200 69ms
2026-09-23 16:04:37 web-02 sshd[6514]: INFO reloaded configuration
2026-09-05 01:24:26 db-01 worker[8572]: INFO cache hit ratio 33%
2026-09-14 19:09:08 web-02 postgres[7855]: INFO GET /static/app.js 304 75ms
2026-09-12 13:06:12 worker-05 worker[6641]: INFO connection accepted from 10.0.80.30
2026-09-26 22:42:51 web-01 cron[7338]: INFO rotating log, 78 MB written
2026-09-27 10:04:23 edge-07 sshd[237]: INFO reloaded configuration
2026-09-20 19:43:24 worker-05 redis[8969]: INFO listening on port 8038
2026-09-01 10:34:31 web-02 sshd[5101]: WARN retrying job 56 (46/3)
2026-09-07 04:17:27 cache-02 worker[2248]: INFO GET /api/v1/users 200 37ms
2026-09-24 12:45:09 db-01 worker[9566]: INFO job 97 finished in 92s
2026-09-06 04:39:21 worker-05 worker[5383]: ERROR job 90 failed: timeout after 38s
2026-09-03 08:42:40 worker-05 systemd[8404]: INFO job 2 finished in 92s
2026-09-08 21:14:02 worker-05 nginx[1690]: INFO rotating log, 18 MB written
2026-09-03 09:10:34 cache-02 app[1140]: WARN slow query (69ms): SELECT * FROM orders
2026-09-16 17:50:20 web-02 nginx[1085]: INFO session opened for user student
2026-09-12 22:36:41 cache-02 nginx[2748]: INFO listening on port 8042
2026-09-23 16:36:52 api-03 cron[4148]: INFO rotating log, 69 MB written
2026-09-04 21:30:35 db-01 sshd[8684]: INFO reloaded configuration
2026-09-23 04:09:39 worker-05 systemd[7474]: INFO GET /static/app.js 304 29ms
2026-09-10 16:26:56 worker-05 sshd[4240]: INFO listening on port 8081
2026-09-26 09:05:10 worker-05 redis[6186]: WARN slow query (75ms): SELECT * FROM orders
2026-09-02 03:58:05 cache-02 app[213]: INFO connection accepted from 10.0.64.95
2026-09-12 18:02:36 db-01 worker[3397]: INFO listening on port 8050
2026-09-24 04:26:36 edge-07 redis[4036]: INFO GET /static/app.js 304 70ms
2026-09-20 14:14:32 db-01 nginx[3677]: INFO connection accepted from 10.0.44.36
2026-09-22 21:43:30 api-03 systemd[4694]: INFO job 48 finished in 77s
2026-09-07 22:07:38 edge-07 cron[7242]: INFO session opened for user student
2026-09-07 12:51:05 web-02 nginx[3423]: INFO session opened for user student
2026-09-04 05:05:38 edge-07 postgres[3794]: INFO health check ok
2026-09-20 15:34:08 cache-02 worker[2021]: INFO GET /static/app.js 304 50ms
2026-09-09 08:55:25 web-01 app[2283]: INFO reloaded configuration
2026-09-26 23:00:19 cache-02 systemd[559]: INFO GET /static/app.js 304 73ms
2026-09-19 10:37:24 edge-07 worker[9630]: INFO rotating log, 16 MB written
2026-09-08 00:20:05 db-01 app[9853]: WARN slow query (49ms): SELECT * FROM orders
2026-09-15 05:41:01 api-03 postgres[7290]: INFO rotating log, 38 MB written
2026-09-20 15:23:17 web-01 postgres[4789]: INFO cache hit ratio 93%
2026-09-24 02:45:31 cache-02 app[4036]: INFO rotating log, 28 MB written
2026-09-19 08:57:04 edge-07 postgres[321]: INFO POST /api/v1/orders 201 46ms
2026-09-27 17:34:21 worker-05 app[3729]: INFO health check ok
2026-09-05 20:47:31 edge-07 app[7368]: INFO rotating log, 25 MB written
2026-09-05 18:49:03 edge-07 app[7721]: INFO listening on port 8055
2026-09-25 16:04:11 api-03 sshd[2589]: INFO session opened for user student
2026-09-22 13:20:14 web-01 postgres[601]: INFO POST /api/v1/orders 201 91ms
2026-09-05 00:05:18 worker-05 worker[3644]: INFO job 31 finished in 17s
2026-09-24 03:15:06 cache-02 worker[2352]: INFO listening on port 8017
2026-09-15 23:36:01 db-01 worker[7111]: ERROR cannot open /etc/app/79.conf
2026-09-02 16:04:32 api-03 nginx[775]: ERROR cannot open /etc/app/88.conf
2026-09-19 22:27:10 worker-05 cron[6906]: INFO POST /api/v1/orders 201 14ms
2026-09-26 16:23:55 edge-07 nginx[4142]: INFO session opened for user student
2026-09-20 16:59:54 web-02 redis[4840]: WARN slow query (77ms): SELECT * FROM orders
2026-09-19 23:56:31 worker-05 nginx[2978]: INFO GET /api/v1/users 200 50ms
2026-09-03 18:25:22 api-03 nginx[2636]: INFO job 71 finished in 68s
2026-09-27 19:26:33 cache-02 redis[1394]: INFO health check ok
2026-09-23 07:32:02 api-03 sshd[916]: ERROR TLS handshake failed with 10.0.94.35
2026-09-04 09:54:53 web-02 sshd[7235]: INFO cache hit ratio 5%
2026-09-07 12:46:33 web-02 redis[5108]: INFO listening on port 8088
2026-09-22 07:43:34 worker-05 app[717]: WARN GET /api/v1/report 429 rate limited
2026-09-21 14:45:21 api-03 postgres[8875]: INFO cache hit ratio 73%
2026-09-08 03:21:50 db-01 redis[4195]: INFO session opened for user student
2026-09-01 20:34:40 edge-07 worker[9347]: INFO connection accepted from 10.0.43.39
2026-09-07 08:18:30 web-02 redis[4532]: INFO GET /static/app.js 304 39ms
2026-09-05 03:19:19 api-03 app[183]: INFO GET /api/v1/users 200 63ms
2026-09-14 06:07:47 edge-07 nginx[9193]: WARN GET /api/v1/report 429 rate limited
2026-09-24 13:14:22 api-03 app[3016]: INFO GET /api/v1/users 200 46ms
2026-09-26 11:19:01 web-01 postgres[9781]: WARN GET /api/v1/report 429 rate limited
2026-09-28 01:08:22 worker-05 redis[8815]: INFO POST /api/v1/orders 201 37ms
2026-09-26 17:39:34 web-02 worker[8780]: INFO GET /static/app.js 304 29ms
2026-09-18 02:08:26 db-01 app[4029]: INFO GET /static/app.js 304 73ms
2026-09-25 00:30:25 worker-05 systemd[324]: WARN worker 50 restarted
2026-09-04 06:58:35 worker-05 systemd[1277]: ERROR disk full on /var/log
2026-09-01 14:01:25 worker-05 postgres[5391]: ERROR disk full on /var/log
2026-09-08 02:08:30 edge-07 worker[8124]: INFO GET /api/v1/users 200 80ms
2026-09-28 11:03:58 worker-05 app[3914]: ERROR segfault in worker 44
2026-09-05 04:55:35 web-01 postgres[1825]: INFO scheduled task 67 queued
2026-09-01 14:51:49 worker-05 postgres[8867]: WARN worker 49 restarted
2026-09-08 19:58:45 worker-05 postgres[3952]: INFO health check ok
2026-09-26 08:33:32 worker-05 app[9893]: INFO POST /api/v1/orders 201 54ms
2026-09-14 15:57:39 web-02 cron[3676]: INFO job 84 finished in 60s
2026-09-17 14:24:50 web-01 postgres[5178]: ERROR upstream timed out (110)
2026-09-19 22:01:45 cache-02 nginx[4350]: INFO listening on port 8095
2026-09-05 15:31:17 worker-05 sshd[3234]: INFO reloaded configuration
2026-09-26 04:15:54 worker-05 app[9569]: WARN disk usage at 77%
2026-09-02 20:26:15 web-01 nginx[2048]: INFO scheduled task 28 queued
2026-09-22 17:21:26 edge-07 worker[4075]: WARN certificate expires in 12 days
2026-09-22 18:52:36 db-01 sshd[5144]: INFO GET /static/app.js 304 32ms
2026-09-11 03:04:42 cache-02 app[9610]: INFO session opened for user student
2026-09-26 11:17:17 cache-02 nginx[1913]: INFO job 82 finished in 37s
2026-09-05 05:21:09 web-01 sshd[3819]: INFO GET /static/app.js 304 58ms
2026-09-26 10:19:56 api-03 systemd[688]: INFO reloaded configuration
2026-09-14 03:30:58 edge-07 nginx[5287]: INFO scheduled task 82 queued
2026-09-15 22:34:20 db-01 sshd[2530]: WARN GET /api/v1/report 429 rate limited
2026-09-05 17:52:33 edge-07 redis[7196]: INFO reloaded configuration
2026-09-27 01:20:17 cache-02 redis[2571]: INFO session opened for user student
2026-09-03 20:01:13 cache-02 systemd[6911]: INFO session opened for user student
2026-09-13 20:31:57 web-02 redis[2255]: WARN retrying job 96 (52/3)
2026-09-28 13:21:31 worker-05 redis[7150]: INFO scheduled task 70 queued
2026-09-12 10:00:59 worker-05 sshd[1281]: INFO cache hit ratio 19%
2026-09-14 13:53:08 cache-02 app[5401]: INFO session opened for user student
2026-09-18 05:38:33 web-01 cron[160]: INFO scheduled task 41 queued
2026-09-22 04:14:39 worker-05 sshd[2574]: INFO reloaded configuration
2026-09-20 18:38:08 api-03 redis[7680]: ERROR disk full on /var/log
2026-09-11 14:28:43 worker-05 nginx[5246]: INFO session opened for user student
2026-09-25 14:53:24 worker-05 postgres[9820]: INFO POST /api/v1/orders 201 83ms
2026-09-03 07:32:20 web-02 app[2664]: INFO GET /static/app.js 304 86ms
2026-09-21 02:07:04 db-01 nginx[6056]: INFO GET /static/app.js 304 28ms
2026-09-15 10:20:20 worker-05 worker[9465]: INFO cache hit ratio 25%
2026-09-20 06:04:44 api-03 nginx[7718]: WARN disk usage at 12%
2026-09-04 03:37:31 worker-05 app[9394]: INFO reloaded configuration
2026-09-16 15:01:14 api-03 redis[3165]: INFO reloaded configuration
2026-09-20 20:23:40 cache-02 worker[6506]: INFO rotating log, 42 MB written
2026-09-09 02:17:07 cache-02 worker[4956]: WARN retrying job 32 (66/3)
2026-09-24 09:02:16 edge-07 redis[3559]: INFO health check ok
2026-09-04 10:29:02 cache-02 sshd[1709]: WARN slow query (7ms): SELECT * FROM orders
2026-09-16 11:00:47 web-02 postgres[5720]: INFO POST /api/v1/orders 201 92ms
2026-09-04 11:07:55 worker-05 systemd[160]: INFO cache hit ratio 65%
2026-09-19 19:56:13 cache-02 systemd[9331]: ERROR TLS handshake failed with 10.0.16.54
2026-09-23 20:06:43 db-01 postgres[1308]: ERROR permission denied: /var/data/50.bin
2026-09-18 14:48:51 web-01 worker[9731]: ERROR permission denied: /var/data/75.bin
2026-09-19 11:07:59 worker-05 app[5427]: INFO connection accepted from 10.0.20.50
2026-09-20 22:55:21 worker-05 cron[3457]: WARN certificate expires in 40 days
2026-09-12 06:50:14 cache-02 cron[6285]: INFO listening on port 8050
2026-09-02 11:59:59 db-01 worker[1685]: INFO GET /api/v1/users 200 69ms
2026-09-20 04:07:09 edge-07 redis[4735]: INFO scheduled task 70 queued
2026-09-13 22:47:32 db-01 worker[362]: INFO listening on port 8094
2026-09-17 02:31:17 api-03 redis[9438]: INFO GET /static/app.js 304 86ms
2026-09-27 03:13:09 web-02 worker[8897]: INFO rotating log, 95 MB written
2026-09-27 10:12:36 api-03 postgres[2105]: INFO listening on port 8026
2026-09-20 18:56:36 web-01 systemd[9582]: INFO reloaded configuration
2026-09-23 00:41:19 worker-05 postgres[5680]: WARN clock skew 33ms detected
2026-09-10 02:23:01 web-02 nginx[8022]: INFO rotating log, 13 MB written
2026-09-15 22:43:12 api-03 postgres[4330]: ERROR out of memory in worker 76
2026-09-23 16:06:15 edge-07 worker[8844]: INFO POST /api/v1/orders 201 13ms
2026-09-12 15:48:02 worker-05 postgres[9699]: ERROR out of memory in worker 47
2026-09-20 11:27:54 cache-02 sshd[1765]: INFO scheduled task 31 queued
2026-09-04 07:19:34 worker-05 cron[5257]: INFO job 3 finished in 71s
2026-09-09 18:41:42 db-01 systemd[7641]: INFO connection accepted from 10.0.17.63
2026-09-17 15:42:59 web-01 systemd[4256]: WARN certificate expires in 79 days
2026-09-26 09:46:11 db-01 postgres[3188]: INFO job 95 finished in 75s
2026-09-20 12:12:19 api-03 app[9076]: INFO POST /api/v1/orders 201 60ms
2026-09-07 12:53:53 web-01 systemd[665]: INFO POST /api/v1/orders 201 15ms
2026-09-02 04:56:44 api-03 worker[6401]: INFO job 31 finished in 52s
2026-09-04 07:14:38 api-03 redis[9738]: ERROR TLS handshake failed with 10.0.89.51
2026-09-05 13:13:54 api-03 redis[3477]: INFO GET /api/v1/users 200 83ms
2026-09-18 11:29:59 web-02 app[7418]: INFO reloaded configuration
2026-09-24 15:11:49 edge-07 worker[8631]: WARN slow query (42ms): SELECT * FROM orders
2026-09-20 07:59:56 api-03 redis[5387]: INFO health check ok
2026-09-02 22:28:19 api-03 nginx[3356]: INFO scheduled task 39 queued
2026-09-14 17:32:53 web-01 worker[3459]: INFO job 43 finished in 88s
2026-09-28 01:59:24 web-01 worker[7801]: INFO cache hit ratio 87%
2026-09-08 20:06:56 cache-02 cron[3746]: INFO reloaded configuration
2026-09-07 21:12:51 web-01 sshd[3256]: INFO session opened for user student
2026-09-19 14:51:36 web-01 worker[7631]: INFO job 49 finished in 49s
2026-09-09 23:09:18 worker-05 cron[3033]: INFO GET /api/v1/users 200 42ms
2026-09-19 13:24:29 cache-02 postgres[1678]: INFO cache hit ratio 75%
2026-09-02 12:57:48 cache-02 systemd[2454]: INFO GET /static/app.js 304 29ms
2026-09-24 11:45:25 edge-07 redis[904]: INFO listening on port 8074
2026-09-06 23:14:17 db-01 sshd[9508]: INFO reloaded configuration
2026-09-15 17:32:33 cache-02 nginx[4748]: WARN queue depth 70
2026-09-25 06:33:44 web-02 cron[5328]: INFO job 12 finished in 81s
2026-09-10 09:56:40 cache-02 postgres[6002]: INFO reloaded configuration
2026-09-25 15:40:26 api-03 nginx[9628]: INFO session opened for user student
2026-09-28 03:52:42 web-02 postgres[378]: INFO GET /api/v1/users 200 69ms
2026-09-26 23:01:44 cache-02 postgres[1644]: INFO POST /api/v1/orders 201 60ms
2026-09-12 22:50:36 web-01 systemd[7534]: ERROR upstream timed out (110)
2026-09-23 21:12:20 web-02 redis[594]: INFO POST /api/v1/orders 201 11ms
2026-09-27 07:05:40 cache-02 worker[7323]: INFO health check ok
2026-09-17 21:43:32 web-02 postgres[3171]: INFO session opened for user student
2026-09-03 17:45:07 edge-07 sshd[5406]: INFO job 78 finished in 36s
2026-09-24 03:41:31 cache-02 nginx[2055]: INFO GET /api/v1/users 200 88ms
2026-09-16 11:29:23 edge-07 nginx[7459]: INFO session opened for user student
2026-09-22 13:11:24 api-03 postgres[5864]: INFO cache hit ratio 81%
2026-09-01 02:01:42 web-02 cron[704]: INFO health check ok
2026-09-07 13:47:13 cache-02 redis[4368]: WARN worker 93 restarted
2026-09-27 13:32:34 cache-02 nginx[7277]: INFO GET /static/app.js 304 96ms
2026-09-05 03:19:57 web-02 nginx[3076]: INFO cache hit ratio 58%
2026-09-28 18:21:43 edge-07 app[6263]: INFO session opened for user student
2026-09-08 19:56:31 api-03 app[9405]: INFO session opened for user student
2026-09-22 14:05:30 worker-05 redis[6683]: ERROR GET /api/v1/users 500 2ms
2026-09-26 01:09:58 edge-07 worker[8580]: WARN certificate expires in 44 days
2026-09-23 04:43:06 web-02 postgres[8976]: WARN certificate expires in 86 days
2026-09-02 13:14:16 cache-02 app[1057]: INFO GET /static/app.js 304 69ms
2026-09-13 15:28:19 db-01 cron[2745]: INFO POST /api/v1/orders 201 80ms
2026-09-24 03:46:03 web-01 postgres[9333]: WARN slow query (56ms): SELECT * FROM orders
2026-09-05 06:42:42 worker-05 sshd[8405]: INFO job 64 finished in 19s
2026-09-06 15:13:50 api-03 sshd[8045]: INFO POST /api/v1/orders 201 23ms
2026-09-16 02:28:34 web-01 postgres[8515]: INFO listening on port 8027
2026-09-02 01:02:58 web-02 cron[5832]: WARN retrying job 74 (51/3)
2026-09-18 17:55:25 cache-02 worker[502]: ERROR upstream timed out (110)
2026-09-13 21:53:03 api-03 postgres[2054]: INFO job 21 finished in 77s
2026-09-14 06:54:11 db-01 cron[893]: WARN queue depth 5
2026-09-14 11:20:13 web-01 postgres[475]: ERROR segfault in worker 64
2026-09-19 18:08:26 db-01 cron[4476]: INFO scheduled task 95 queued
2026-09-06 16:00:03 web-01 cron[111]: INFO scheduled task 80 queued
2026-09-25 01:08:52 api-03 app[6265]: INFO GET /static/app.js 304 15ms
2026-09-27 01:55:43 api-03 cron[1965]: WARN clock skew 18ms detected
2026-09-23 16:01:32 web-02 redis[5697]: INFO reloaded configuration
2026-09-01 02:01:13 api-03 sshd[6872]: INFO health check ok
2026-09-07 08:46:02 edge-07 sshd[1738]: ERROR connection refused to db-01:5432
2026-09-17 01:11:01 db-01 redis[4168]: INFO job 94 finished in 53s
2026-09-09 00:53:48 web-01 app[5716]: INFO POST /api/v1/orders 201 63ms
2026-09-27 15:03:39 api-03 postgres[4383]: INFO scheduled task 25 queued
2026-09-28 08:30:58 web-02 worker[3801]: INFO health check ok
2026-09-10 09:02:02 db-01 app[5112]: INFO session opened for user student
2026-09-18 23:07:32 cache-02 nginx[2336]: INFO POST /api/v1/orders 201 86ms
2026-09-11 01:13:36 edge-07 nginx[3165]: INFO listening on port 8083
2026-09-24 05:14:02 web-01 app[9317]: WARN retrying job 91 (3/3)
2026-09-17 21:43:38 api-03 postgres[3045]: INFO rotating log, 68 MB written
2026-09-13 16:21:56 worker-05 nginx[7216]: INFO cache hit ratio 53%
2026-09-06 17:55:53 cache-02 app[8241]: WARN queue depth 67
2026-09-13 22:15:11 edge-07 redis[9346]: WARN slow query (69ms): SELECT * FROM orders
2026-09-21 00:21:05 cache-02 cron[6862]: INFO scheduled task 88 queued
2026-09-15 18:13:53 cache-02 postgres[7704]: INFO scheduled task 84 queued
2026-09-18 21:27:51 web-02 worker[2365]: INFO POST /api/v1/orders 201 13ms
2026-09-12 00:41:22 worker-05 postgres[2450]: INFO scheduled task 78 queued
2026-09-10 09:43:02 db-01 redis[546]: WARN slow query (75ms): SELECT * FROM orders
2026-09-25 04:54:17 web-01 redis[9891]: WARN clock skew 57ms detected
2026-09-24 03:58:27 edge-07 postgres[6105]: INFO POST /api/v1/orders 201 92ms
2026-09-12 06:15:39 worker-05 cron[5570]: INFO POST /api/v1/orders 201 86ms
2026-09-17 15:55:37 web-02 app[1162]: INFO listening on port 8022
2026-09-07 20:13:52 worker-05 nginx[5789]: INFO POST /api/v1/orders 201 81ms
2026-09-03 18:50:17 api-03 app[3362]: INFO session opened for user student
2026-09-15 18:39:26 web-01 app[2038]: INFO health check ok
2026-09-03 15:31:37 worker-05 sshd[9462]: INFO connection accepted from 10.0.4.94
2026-09-23 23:55:58 worker-05 systemd[9535]: INFO GET /static/app.js 304 85ms
2026-09-25 09:08:56 web-02 app[1821]: INFO scheduled task 33 queued
2026-09-21 07:13:25 web-02 systemd[8506]: INFO GET /api/v1/users 200 51ms
2026-09-13 12:14:01 db-01 app[4284]: WARN disk usage at 82%
2026-09-18 02:53:39 web-01 app[6738]: INFO connection accepted from 10.0.34.41
2026-09-17 11:59:58 web-02 worker[2476]: INFO GET /static/app.js 304 30ms
2026-09-27 16:31:09 api-03 postgres[1435]: WARN disk usage at 54%
2026-09-12 23:37:39 cache-02 nginx[6729]: INFO job 11 finished in 53s
2026-09-10 12:43:28 worker-05 systemd[1180]: INFO reloaded configuration
2026-09-07 14:43:07 cache-02 app[3140]: INFO listening on port 8043
2026-09-21 23:02:29 web-01 systemd[1027]: INFO cache hit ratio 69%
2026-09-08 15:55:15 cache-02 app[4365]: INFO job 55 finished in 70s
2026-09-14 23:57:43 edge-07 cron[9158]: INFO job 20 finished in 86s
2026-09-21 03:52:04 db-01 redis[2713]: INFO health check ok
2026-09-21 07:33:24 api-03 nginx[634]: INFO connection accepted from 10.0.59.50
2026-09-13 06:45:13 edge-07 cron[8197]: INFO session opened for user student
2026-09-02 19:09:36 db-01 worker[2569]: INFO GET /static/app.js 304 71ms
2026-09-02 04:48:19 web-01 nginx[483]: INFO listening on port 8046
2026-09-05 23:30:00 web-02 worker[490]: INFO connection accepted from 10.0.95.73
2026-09-13 13:47:37 api-03 redis[7495]: INFO job 5 finished in 35s
2026-09-15 01:35:24 db-01 cron[4669]: INFO health check ok
2026-09-11 13:46:20 web-01 systemd[9402]: ERROR disk full on /var/log
2026-09-12 05:44:47 db-01 sshd[8227]: INFO GET /api/v1/users 200 40ms
2026-09-20 03:46:57 worker-05 cron[3598]: INFO listening on port 8086
2026-09-28 02:39:30 worker-05 systemd[8282]: INFO session opened for user student
2026-09-24 16:57:53 worker-05 sshd[5557]: INFO POST /api/v1/orders 201 8ms
2026-09-12 05:27:11 edge-07 sshd[9576]: INFO scheduled task 28 queued
2026-09-11 10:44:34 edge-07 systemd[7309]: WARN disk usage at 71%
2026-09-25 11:54:51 edge-07 worker[3800]: INFO job 30 finished in 57s
2026-09-15 03:13:25 api-03 nginx[5158]: INFO reloaded configuration
2026-09-16 17:28:30 web-01 nginx[6720]: INFO POST /api/v1/orders 201 4ms
