Мы не теряем данные, мы их прячем от себя.
Регламент лежит в папке, которую никто не открывал.
Если сомневаешься — man.
Пятница: деплой отменяется в пользу здравого смысла.
Бумажный журнал пережил три миграции.
Задача закрыта, проблема осталась.
Мониторинг молчал, потому что был выключен.
Кот сел на клавиатуру и запушил в main.
Ничего не трогай, оно работает.
Совет дня: сначала ls, потом rm.
На встрече решили назначить встречу.
Ребут решает, но не объясняет.
Кофемашина отвечает быстрее, чем тикет-система.
Пятница: деплой отменяется в пользу здравого смысла.
Задача закрыта, проблема осталась.
Пароль admin ещё никого не защитил.
Скрипт работал год, пока не наступил високосный.
Бумажный журнал пережил три миграции.
Регламент лежит в папке, которую никто не открывал.
Скрипт работал год, пока не наступил високосный.
Если сомневаешься — man.
Всё шло по плану, пока план не прочитали.
Ошибка воспроизводится только у заказчика.
