Регламент лежит в папке, которую никто не открывал.
Задача закрыта, проблема осталась.
Ошибка воспроизводится только у заказчика.
Уборщица нашла кабель, который искали три отдела.
Не все папки одинаково полезны.
Терминал не кусается, он просто ждёт.
Пятница: деплой отменяется в пользу здравого смысла.
Кофемашина отвечает быстрее, чем тикет-система.
Кот сел на клавиатуру и запушил в main.
Пятница: деплой отменяется в пользу здравого смысла.
Чем длиннее путь, тем нужнее Tab.
Ребут решает, но не объясняет.
Ошибка 404: обед не найден.
Права 777 — это не решение, это капитуляция.
Мы не теряем данные, мы их прячем от себя.
Права 777 — это не решение, это капитуляция.
Сисадмин спит, а cron работает.
Уборщица нашла кабель, который искали три отдела.
Каждый пробел в имени файла — чья-то слеза.
Локалхост никогда не подводит.
Не все папки одинаково полезны.
