Файл с именем final_final_v2 оказался не финальным.
Терминал не кусается, он просто ждёт.
Скрипт работал год, пока не наступил високосный.
Если сомневаешься — man.
Бумажный журнал пережил три миграции.
Бумажный журнал пережил три миграции.
Пароль admin ещё никого не защитил.
Бэкап был. Где-то.
Мы не теряем данные, мы их прячем от себя.
Бумажный журнал пережил три миграции.
Задача закрыта, проблема осталась.
Не все папки одинаково полезны.
Пароль admin ещё никого не защитил.
Чай остыл, тест прошёл.
Локалхост никогда не подводит.
Мониторинг молчал, потому что был выключен.
Кофемашина отвечает быстрее, чем тикет-система.
Если сомневаешься — man.
Не все папки одинаково полезны.
Файл с именем final_final_v2 оказался не финальным.
Сборка зелёная, настроение тоже.
Одна команда — сто файлов. Вот это и есть магия.
Файл с именем final_final_v2 оказался не финальным.
Пятница: деплой отменяется в пользу здравого смысла.
Мониторинг молчал, потому что был выключен.
Бумажный журнал пережил три миграции.
Не все папки одинаково полезны.
Кто последний менял конфиг, тот и дежурит.
Не все папки одинаково полезны.
Никто не читает документацию, пока не сломается прод.
Бэкап был. Где-то.
Кофемашина отвечает быстрее, чем тикет-система.
Логи молчат — значит, никто их не пишет.
Файл нашёлся в корзине. Корзины нет.
