Бумажный журнал пережил три миграции.
Каждый пробел в имени файла — чья-то слеза.
Терминал не кусается, он просто ждёт.
Всё шло по плану, пока план не прочитали.
Кабель питания тоже часть инфраструктуры.
Пятница: деплой отменяется в пользу здравого смысла.
Сисадмин спит, а cron работает.
Ребут решает, но не объясняет.
Ошибка воспроизводится только у заказчика.
Сисадмин спит, а cron работает.
На встрече решили назначить встречу.
Если сомневаешься — man.
Пятница: деплой отменяется в пользу здравого смысла.
Файл нашёлся в корзине. Корзины нет.
Если сомневаешься — man.
Чай остыл, тест прошёл.
Пятница: деплой отменяется в пользу здравого смысла.
Чай остыл, тест прошёл.
Табуляция против пробелов: перемирие не подписано.
Никто не читает документацию, пока не сломается прод.
