Табуляция против пробелов: перемирие не подписано.
Кофемашина отвечает быстрее, чем тикет-система.
Табуляция против пробелов: перемирие не подписано.
Совет дня: сначала ls, потом rm.
Одна команда — сто файлов. Вот это и есть магия.
Ничего не трогай, оно работает.
Скрипт работал год, пока не наступил високосный.
Стажёр удалил tmp и освободил половину диска.
Мониторинг молчал, потому что был выключен.
Регламент лежит в папке, которую никто не открывал.
Ошибка 404: обед не найден.
Каждый пробел в имени файла — чья-то слеза.
Права 777 — это не решение, это капитуляция.
Всё шло по плану, пока план не прочитали.
Бэкап был. Где-то.
Мы не теряем данные, мы их прячем от себя.
Одна команда — сто файлов. Вот это и есть магия.
Ошибка воспроизводится только у заказчика.
Всё шло по плану, пока план не прочитали.
Стажёр удалил tmp и освободил половину диска.
Всё шло по плану, пока план не прочитали.
Сервер горячий, потому что работает, а не потому что сломан.
Никто не читает документацию, пока не сломается прод.
Табуляция против пробелов: перемирие не подписано.
Бумажный журнал пережил три миграции.
Логи молчат — значит, никто их не пишет.
Регламент лежит в папке, которую никто не открывал.
Пароль admin ещё никого не защитил.
Пятница: деплой отменяется в пользу здравого смысла.
Совет дня: сначала ls, потом rm.
Совет дня: сначала ls, потом rm.
Файл с именем final_final_v2 оказался не финальным.
На встрече решили назначить встречу.
На встрече решили назначить встречу.
Мониторинг молчал, потому что был выключен.
Сервер горячий, потому что работает, а не потому что сломан.
Табуляция против пробелов: перемирие не подписано.
Не все папки одинаково полезны.
Кофемашина отвечает быстрее, чем тикет-система.
Уборщица нашла кабель, который искали три отдела.
